Archive member included to satisfy reference by file (symbol)

c:/st/stm32cubeide_1.4.0/stm32cubeide/plugins/com.st.stm32cube.ide.mcu.externaltools.gnu-tools-for-stm32.9-2020-q2-update.win32_2.0.0.202105311346/tools/bin/../lib/gcc/arm-none-eabi/9.3.1/../../../../arm-none-eabi/lib/thumb/v7e-m+fp/hard\libc_nano.a(lib_a-errno.o)
                              ./Core/Src/syscalls.o (__errno)
c:/st/stm32cubeide_1.4.0/stm32cubeide/plugins/com.st.stm32cube.ide.mcu.externaltools.gnu-tools-for-stm32.9-2020-q2-update.win32_2.0.0.202105311346/tools/bin/../lib/gcc/arm-none-eabi/9.3.1/../../../../arm-none-eabi/lib/thumb/v7e-m+fp/hard\libc_nano.a(lib_a-exit.o)
                              c:/st/stm32cubeide_1.4.0/stm32cubeide/plugins/com.st.stm32cube.ide.mcu.externaltools.gnu-tools-for-stm32.9-2020-q2-update.win32_2.0.0.202105311346/tools/bin/../lib/gcc/arm-none-eabi/9.3.1/../../../../arm-none-eabi/lib/thumb/v7e-m+fp/hard/crt0.o (exit)
c:/st/stm32cubeide_1.4.0/stm32cubeide/plugins/com.st.stm32cube.ide.mcu.externaltools.gnu-tools-for-stm32.9-2020-q2-update.win32_2.0.0.202105311346/tools/bin/../lib/gcc/arm-none-eabi/9.3.1/../../../../arm-none-eabi/lib/thumb/v7e-m+fp/hard\libc_nano.a(lib_a-impure.o)
                              c:/st/stm32cubeide_1.4.0/stm32cubeide/plugins/com.st.stm32cube.ide.mcu.externaltools.gnu-tools-for-stm32.9-2020-q2-update.win32_2.0.0.202105311346/tools/bin/../lib/gcc/arm-none-eabi/9.3.1/../../../../arm-none-eabi/lib/thumb/v7e-m+fp/hard\libc_nano.a(lib_a-exit.o) (_global_impure_ptr)
c:/st/stm32cubeide_1.4.0/stm32cubeide/plugins/com.st.stm32cube.ide.mcu.externaltools.gnu-tools-for-stm32.9-2020-q2-update.win32_2.0.0.202105311346/tools/bin/../lib/gcc/arm-none-eabi/9.3.1/../../../../arm-none-eabi/lib/thumb/v7e-m+fp/hard\libc_nano.a(lib_a-init.o)
                              c:/st/stm32cubeide_1.4.0/stm32cubeide/plugins/com.st.stm32cube.ide.mcu.externaltools.gnu-tools-for-stm32.9-2020-q2-update.win32_2.0.0.202105311346/tools/bin/../lib/gcc/arm-none-eabi/9.3.1/../../../../arm-none-eabi/lib/thumb/v7e-m+fp/hard/crt0.o (__libc_init_array)
c:/st/stm32cubeide_1.4.0/stm32cubeide/plugins/com.st.stm32cube.ide.mcu.externaltools.gnu-tools-for-stm32.9-2020-q2-update.win32_2.0.0.202105311346/tools/bin/../lib/gcc/arm-none-eabi/9.3.1/../../../../arm-none-eabi/lib/thumb/v7e-m+fp/hard\libc_nano.a(lib_a-memset.o)
                              c:/st/stm32cubeide_1.4.0/stm32cubeide/plugins/com.st.stm32cube.ide.mcu.externaltools.gnu-tools-for-stm32.9-2020-q2-update.win32_2.0.0.202105311346/tools/bin/../lib/gcc/arm-none-eabi/9.3.1/../../../../arm-none-eabi/lib/thumb/v7e-m+fp/hard/crt0.o (memset)
c:/st/stm32cubeide_1.4.0/stm32cubeide/plugins/com.st.stm32cube.ide.mcu.externaltools.gnu-tools-for-stm32.9-2020-q2-update.win32_2.0.0.202105311346/tools/bin/../lib/gcc/arm-none-eabi/9.3.1/../../../../arm-none-eabi/lib/thumb/v7e-m+fp/hard\libc_nano.a(lib_a-sprintf.o)
                              ./Core/Src/main.o (sprintf)
c:/st/stm32cubeide_1.4.0/stm32cubeide/plugins/com.st.stm32cube.ide.mcu.externaltools.gnu-tools-for-stm32.9-2020-q2-update.win32_2.0.0.202105311346/tools/bin/../lib/gcc/arm-none-eabi/9.3.1/../../../../arm-none-eabi/lib/thumb/v7e-m+fp/hard\libc_nano.a(lib_a-nano-svfprintf.o)
                              c:/st/stm32cubeide_1.4.0/stm32cubeide/plugins/com.st.stm32cube.ide.mcu.externaltools.gnu-tools-for-stm32.9-2020-q2-update.win32_2.0.0.202105311346/tools/bin/../lib/gcc/arm-none-eabi/9.3.1/../../../../arm-none-eabi/lib/thumb/v7e-m+fp/hard\libc_nano.a(lib_a-sprintf.o) (_svfprintf_r)
c:/st/stm32cubeide_1.4.0/stm32cubeide/plugins/com.st.stm32cube.ide.mcu.externaltools.gnu-tools-for-stm32.9-2020-q2-update.win32_2.0.0.202105311346/tools/bin/../lib/gcc/arm-none-eabi/9.3.1/../../../../arm-none-eabi/lib/thumb/v7e-m+fp/hard\libc_nano.a(lib_a-nano-vfprintf_i.o)
                              c:/st/stm32cubeide_1.4.0/stm32cubeide/plugins/com.st.stm32cube.ide.mcu.externaltools.gnu-tools-for-stm32.9-2020-q2-update.win32_2.0.0.202105311346/tools/bin/../lib/gcc/arm-none-eabi/9.3.1/../../../../arm-none-eabi/lib/thumb/v7e-m+fp/hard\libc_nano.a(lib_a-nano-svfprintf.o) (_printf_i)
c:/st/stm32cubeide_1.4.0/stm32cubeide/plugins/com.st.stm32cube.ide.mcu.externaltools.gnu-tools-for-stm32.9-2020-q2-update.win32_2.0.0.202105311346/tools/bin/../lib/gcc/arm-none-eabi/9.3.1/../../../../arm-none-eabi/lib/thumb/v7e-m+fp/hard\libc_nano.a(lib_a-memchr.o)
                              c:/st/stm32cubeide_1.4.0/stm32cubeide/plugins/com.st.stm32cube.ide.mcu.externaltools.gnu-tools-for-stm32.9-2020-q2-update.win32_2.0.0.202105311346/tools/bin/../lib/gcc/arm-none-eabi/9.3.1/../../../../arm-none-eabi/lib/thumb/v7e-m+fp/hard\libc_nano.a(lib_a-nano-svfprintf.o) (memchr)
c:/st/stm32cubeide_1.4.0/stm32cubeide/plugins/com.st.stm32cube.ide.mcu.externaltools.gnu-tools-for-stm32.9-2020-q2-update.win32_2.0.0.202105311346/tools/bin/../lib/gcc/arm-none-eabi/9.3.1/../../../../arm-none-eabi/lib/thumb/v7e-m+fp/hard\libc_nano.a(lib_a-memcpy-stub.o)
[...]
Memory Configuration

Name             Origin             Length             Attributes
RAM              0x0000000020000000 0x0000000000020000 xrw
FLASH            0x0000000008000000 0x0000000000080000 xr
*default*        0x0000000000000000 0xffffffffffffffff

Linker script and memory map

LOAD c:/st/stm32cubeide_1.4.0/stm32cubeide/plugins/com.st.stm32cube.ide.mcu.externaltools.gnu-tools-for-stm32.9-2020-q2-update.win32_2.0.0.202105311346/tools/bin/../lib/gcc/arm-none-eabi/9.3.1/thumb/v7e-m+fp/hard/crti.o
LOAD c:/st/stm32cubeide_1.4.0/stm32cubeide/plugins/com.st.stm32cube.ide.mcu.externaltools.gnu-tools-for-stm32.9-2020-q2-update.win32_2.0.0.202105311346/tools/bin/../lib/gcc/arm-none-eabi/9.3.1/thumb/v7e-m+fp/hard/crtbegin.o
LOAD c:/st/stm32cubeide_1.4.0/stm32cubeide/plugins/com.st.stm32cube.ide.mcu.externaltools.gnu-tools-for-stm32.9-2020-q2-update.win32_2.0.0.202105311346/tools/bin/../lib/gcc/arm-none-eabi/9.3.1/../../../../arm-none-eabi/lib/thumb/v7e-m+fp/hard/crt0.o
LOAD ./Core/Src/fatfs_sd.o
LOAD ./Core/Src/fonts.o
LOAD ./Core/Src/main.o
LOAD ./Core/Src/stm32f4xx_hal_msp.o
LOAD ./Core/Src/stm32f4xx_it.o
LOAD ./Core/Src/syscalls.o
LOAD ./Core/Src/sysmem.o
LOAD ./Core/Src/system_stm32f4xx.o
LOAD ./Core/Src/tft.o
LOAD ./Core/Startup/startup_stm32f446retx.o
LOAD ./Drivers/STM32F4xx_HAL_Driver/Src/stm32f4xx_hal.o
LOAD ./Drivers/STM32F4xx_HAL_Driver/Src/stm32f4xx_hal_cortex.o
LOAD ./Drivers/STM32F4xx_HAL_Driver/Src/stm32f4xx_hal_dma.o
LOAD ./Drivers/STM32F4xx_HAL_Driver/Src/stm32f4xx_hal_dma_ex.o
LOAD ./Drivers/STM32F4xx_HAL_Driver/Src/stm32f4xx_hal_exti.o
LOAD ./Drivers/STM32F4xx_HAL_Driver/Src/stm32f4xx_hal_flash.o
LOAD ./Drivers/STM32F4xx_HAL_Driver/Src/stm32f4xx_hal_flash_ex.o
LOAD ./Drivers/STM32F4xx_HAL_Driver/Src/stm32f4xx_hal_flash_ramfunc.o
LOAD ./Drivers/STM32F4xx_HAL_Driver/Src/stm32f4xx_hal_gpio.o
LOAD ./Drivers/STM32F4xx_HAL_Driver/Src/stm32f4xx_hal_pwr.o
LOAD ./Drivers/STM32F4xx_HAL_Driver/Src/stm32f4xx_hal_pwr_ex.o
LOAD ./Drivers/STM32F4xx_HAL_Driver/Src/stm32f4xx_hal_rcc.o
LOAD ./Drivers/STM32F4xx_HAL_Driver/Src/stm32f4xx_hal_rcc_ex.o
LOAD ./Drivers/STM32F4xx_HAL_Driver/Src/stm32f4xx_hal_spi.o
LOAD ./Drivers/STM32F4xx_HAL_Driver/Src/stm32f4xx_hal_tim.o
LOAD ./Drivers/STM32F4xx_HAL_Driver/Src/stm32f4xx_hal_tim_ex.o
LOAD ./Drivers/STM32F4xx_HAL_Driver/Src/stm32f4xx_hal_uart.o
LOAD ./FATFS/App/fatfs.o
LOAD ./FATFS/Target/user_diskio.o
LOAD ./Middlewares/Third_Party/FatFs/src/diskio.o
LOAD ./Middlewares/Third_Party/FatFs/src/ff.o
LOAD ./Middlewares/Third_Party/FatFs/src/ff_gen_drv.o
LOAD ./Middlewares/Third_Party/FatFs/src/option/ccsbcs.o
LOAD ./Middlewares/Third_Party/FatFs/src/option/syscall.o
START GROUP
LOAD c:/st/stm32cubeide_1.4.0/stm32cubeide/plugins/com.st.stm32cube.ide.mcu.externaltools.gnu-tools-for-stm32.9-2020-q2-update.win32_2.0.0.202105311346/tools/bin/../lib/gcc/arm-none-eabi/9.3.1/../../../../arm-none-eabi/lib/thumb/v7e-m+fp/hard\libc_nano.a
LOAD c:/st/stm32cubeide_1.4.0/stm32cubeide/plugins/com.st.stm32cube.ide.mcu.externaltools.gnu-tools-for-stm32.9-2020-q2-update.win32_2.0.0.202105311346/tools/bin/../lib/gcc/arm-none-eabi/9.3.1/../../../../arm-none-eabi/lib/thumb/v7e-m+fp/hard\libm.a
END GROUP
START GROUP
LOAD c:/st/stm32cubeide_1.4.0/stm32cubeide/plugins/com.st.stm32cube.ide.mcu.externaltools.gnu-tools-for-stm32.9-2020-q2-update.win32_2.0.0.202105311346/tools/bin/../lib/gcc/arm-none-eabi/9.3.1/thumb/v7e-m+fp/hard\libgcc.a
LOAD c:/st/stm32cubeide_1.4.0/stm32cubeide/plugins/com.st.stm32cube.ide.mcu.externaltools.gnu-tools-for-stm32.9-2020-q2-update.win32_2.0.0.202105311346/tools/bin/../lib/gcc/arm-none-eabi/9.3.1/../../../../arm-none-eabi/lib/thumb/v7e-m+fp/hard\libc_nano.a
END GROUP
START GROUP
LOAD c:/st/stm32cubeide_1.4.0/stm32cubeide/plugins/com.st.stm32cube.ide.mcu.externaltools.gnu-tools-for-stm32.9-2020-q2-update.win32_2.0.0.202105311346/tools/bin/../lib/gcc/arm-none-eabi/9.3.1/thumb/v7e-m+fp/hard\libgcc.a
LOAD c:/st/stm32cubeide_1.4.0/stm32cubeide/plugins/com.st.stm32cube.ide.mcu.externaltools.gnu-tools-for-stm32.9-2020-q2-update.win32_2.0.0.202105311346/tools/bin/../lib/gcc/arm-none-eabi/9.3.1/../../../../arm-none-eabi/lib/thumb/v7e-m+fp/hard\libc_nano.a
LOAD c:/st/stm32cubeide_1.4.0/stm32cubeide/plugins/com.st.stm32cube.ide.mcu.externaltools.gnu-tools-for-stm32.9-2020-q2-update.win32_2.0.0.202105311346/tools/bin/../lib/gcc/arm-none-eabi/9.3.1/../../../../arm-none-eabi/lib/thumb/v7e-m+fp/hard\libnosys.a
END GROUP
START GROUP
LOAD c:/st/stm32cubeide_1.4.0/stm32cubeide/plugins/com.st.stm32cube.ide.mcu.externaltools.gnu-tools-for-stm32.9-2020-q2-update.win32_2.0.0.202105311346/tools/bin/../lib/gcc/arm-none-eabi/9.3.1/thumb/v7e-m+fp/hard\libgcc.a
LOAD c:/st/stm32cubeide_1.4.0/stm32cubeide/plugins/com.st.stm32cube.ide.mcu.externaltools.gnu-tools-for-stm32.9-2020-q2-update.win32_2.0.0.202105311346/tools/bin/../lib/gcc/arm-none-eabi/9.3.1/../../../../arm-none-eabi/lib/thumb/v7e-m+fp/hard\libc_nano.a
LOAD c:/st/stm32cubeide_1.4.0/stm32cubeide/plugins/com.st.stm32cube.ide.mcu.externaltools.gnu-tools-for-stm32.9-2020-q2-update.win32_2.0.0.202105311346/tools/bin/../lib/gcc/arm-none-eabi/9.3.1/../../../../arm-none-eabi/lib/thumb/v7e-m+fp/hard\libnosys.a
END GROUP
LOAD c:/st/stm32cubeide_1.4.0/stm32cubeide/plugins/com.st.stm32cube.ide.mcu.externaltools.gnu-tools-for-stm32.9-2020-q2-update.win32_2.0.0.202105311346/tools/bin/../lib/gcc/arm-none-eabi/9.3.1/thumb/v7e-m+fp/hard/crtend.o
LOAD c:/st/stm32cubeide_1.4.0/stm32cubeide/plugins/com.st.stm32cube.ide.mcu.externaltools.gnu-tools-for-stm32.9-2020-q2-update.win32_2.0.0.202105311346/tools/bin/../lib/gcc/arm-none-eabi/9.3.1/thumb/v7e-m+fp/hard/crtn.o
                0x0000000020020000                _estack = (ORIGIN (RAM) + LENGTH (RAM))
                0x0000000000000200                _Min_Heap_Size = 0x200
                0x0000000000000400                _Min_Stack_Size = 0x400

.isr_vector     0x0000000008000000      0x1c4
                0x0000000008000000                . = ALIGN (0x4)
 *(.isr_vector)
 .isr_vector    0x0000000008000000      0x1c4 ./Core/Startup/startup_stm32f446retx.o
                0x0000000008000000                g_pfnVectors
                0x00000000080001c4                . = ALIGN (0x4)

.text           0x00000000080001d0     0xbaf8
                0x00000000080001d0                . = ALIGN (0x4)
 *(.text)
 .text          0x00000000080001d0       0x40 c:/st/stm32cubeide_1.4.0/stm32cubeide/plugins/com.st.stm32cube.ide.mcu.externaltools.gnu-tools-for-stm32.9-2020-q2-update.win32_2.0.0.202105311346/tools/bin/../lib/gcc/arm-none-eabi/9.3.1/thumb/v7e-m+fp/hard/crtbegin.o
 .text          0x0000000008000210       0xa0 c:/st/stm32cubeide_1.4.0/stm32cubeide/plugins/com.st.stm32cube.ide.mcu.externaltools.gnu-tools-for-stm32.9-2020-q2-update.win32_2.0.0.202105311346/tools/bin/../lib/gcc/arm-none-eabi/9.3.1/../../../../arm-none-eabi/lib/thumb/v7e-m+fp/hard\libc_nano.a(lib_a-memchr.o)
                0x0000000008000210                memchr
 .text          0x00000000080002b0       0x30 c:/st/stm32cubeide_1.4.0/stm32cubeide/plugins/com.st.stm32cube.ide.mcu.externaltools.gnu-tools-for-stm32.9-2020-q2-update.win32_2.0.0.202105311346/tools/bin/../lib/gcc/arm-none-eabi/9.3.1/thumb/v7e-m+fp/hard\libgcc.a(_aeabi_uldivmod.o)
                0x00000000080002b0                __aeabi_uldivmod
 .text          0x00000000080002e0      0x2c4 c:/st/stm32cubeide_1.4.0/stm32cubeide/plugins/com.st.stm32cube.ide.mcu.externaltools.gnu-tools-for-stm32.9-2020-q2-update.win32_2.0.0.202105311346/tools/bin/../lib/gcc/arm-none-eabi/9.3.1/thumb/v7e-m+fp/hard\libgcc.a(_udivmoddi4.o)
                0x00000000080002e0                __udivmoddi4
 .text          0x00000000080005a4        0x4 c:/st/stm32cubeide_1.4.0/stm32cubeide/plugins/com.st.stm32cube.ide.mcu.externaltools.gnu-tools-for-stm32.9-2020-q2-update.win32_2.0.0.202105311346/tools/bin/../lib/gcc/arm-none-eabi/9.3.1/thumb/v7e-m+fp/hard\libgcc.a(_dvmd_tls.o)
                0x00000000080005a4                __aeabi_idiv0
                0x00000000080005a4                __aeabi_ldiv0
 *(.text*)
 .text.SELECT   0x00000000080005a8       0x18 ./Core/Src/fatfs_sd.o
 .text.DESELECT
                0x00000000080005c0       0x18 ./Core/Src/fatfs_sd.o
 .text.SPI_TxByte
                0x00000000080005d8       0x34 ./Core/Src/fatfs_sd.o
 .text.SPI_RxByte
                0x000000000800060c       0x3c ./Core/Src/fatfs_sd.o
 .text.SPI_RxBytePtr
                0x0000000008000648       0x1c ./Core/Src/fatfs_sd.o
 .text.SD_ReadyWait
                0x0000000008000664       0x38 ./Core/Src/fatfs_sd.o
 .text.SD_PowerOn
                0x000000000800069c       0x98 ./Core/Src/fatfs_sd.o
 .text.SD_PowerOff
                0x0000000008000734       0x18 ./Core/Src/fatfs_sd.o
 .text.SD_CheckPower
                0x000000000800074c       0x18 ./Core/Src/fatfs_sd.o
 .text.SD_RxDataBlock
                0x0000000008000764       0x6c ./Core/Src/fatfs_sd.o
 .text.SD_TxDataBlock
                0x00000000080007d0       0xa8 ./Core/Src/fatfs_sd.o
 .text.SD_SendCmd
                0x0000000008000878       0xa4 ./Core/Src/fatfs_sd.o
 .text.SD_disk_initialize
                0x000000000800091c      0x1d4 ./Core/Src/fatfs_sd.o
                0x000000000800091c                SD_disk_initialize
 .text.SD_disk_status
                0x0000000008000af0       0x2c ./Core/Src/fatfs_sd.o
                0x0000000008000af0                SD_disk_status
 .text.SD_disk_read
                0x0000000008000b1c       0xd4 ./Core/Src/fatfs_sd.o
                0x0000000008000b1c                SD_disk_read
 .text.SD_disk_write
                0x0000000008000bf0      0x108 ./Core/Src/fatfs_sd.o
                0x0000000008000bf0                SD_disk_write
 .text.SD_disk_ioctl
                0x0000000008000cf8      0x264 ./Core/Src/fatfs_sd.o
                0x0000000008000cf8                SD_disk_ioctl
 .text.main     0x0000000008000f5c      0x514 ./Core/Src/main.o
                0x0000000008000f5c                main
 .text.SystemClock_Config
                0x0000000008001470       0xdc ./Core/Src/main.o
                0x0000000008001470                SystemClock_Config
 .text.MX_SPI1_Init
                0x000000000800154c       0x6c ./Core/Src/main.o
 .text.MX_TIM1_Init
                0x00000000080015b8       0xa0 ./Core/Src/main.o
 .text.MX_USART2_UART_Init
                0x0000000008001658       0x54 ./Core/Src/main.o
 .text.MX_GPIO_Init
                0x00000000080016ac       0xdc ./Core/Src/main.o
 .text.LCD_TxBMP
                0x0000000008001788      0x358 ./Core/Src/main.o
                0x0000000008001788                LCD_TxBMP
 .text.Error_Handler
                0x0000000008001ae0       0x12 ./Core/Src/main.o
                0x0000000008001ae0                Error_Handler
 *fill*         0x0000000008001af2        0x2 
 .text.HAL_MspInit
                0x0000000008001af4       0x50 ./Core/Src/stm32f4xx_hal_msp.o
                0x0000000008001af4                HAL_MspInit
 .text.HAL_SPI_MspInit
                0x0000000008001b44       0x90 ./Core/Src/stm32f4xx_hal_msp.o
                0x0000000008001b44                HAL_SPI_MspInit
 .text.HAL_TIM_Base_MspInit
                0x0000000008001bd4       0x44 ./Core/Src/stm32f4xx_hal_msp.o
                0x0000000008001bd4                HAL_TIM_Base_MspInit
 .text.HAL_UART_MspInit
                0x0000000008001c18       0x90 ./Core/Src/stm32f4xx_hal_msp.o
                0x0000000008001c18                HAL_UART_MspInit
 .text.SDTimer_Handler
                0x0000000008001ca8       0x48 ./Core/Src/stm32f4xx_it.o
                0x0000000008001ca8                SDTimer_Handler
 .text.NMI_Handler
                0x0000000008001cf0        0x6 ./Core/Src/stm32f4xx_it.o
                0x0000000008001cf0                NMI_Handler
 .text.HardFault_Handler
                0x0000000008001cf6        0x6 ./Core/Src/stm32f4xx_it.o
                0x0000000008001cf6                HardFault_Handler
 .text.MemManage_Handler
                0x0000000008001cfc        0x6 ./Core/Src/stm32f4xx_it.o
                0x0000000008001cfc                MemManage_Handler
 .text.BusFault_Handler
                0x0000000008001d02        0x6 ./Core/Src/stm32f4xx_it.o
                0x0000000008001d02                BusFault_Handler
 .text.UsageFault_Handler
                0x0000000008001d08        0x6 ./Core/Src/stm32f4xx_it.o
                0x0000000008001d08                UsageFault_Handler
 .text.SVC_Handler
                0x0000000008001d0e        0xe ./Core/Src/stm32f4xx_it.o
                0x0000000008001d0e                SVC_Handler
 .text.DebugMon_Handler
                0x0000000008001d1c        0xe ./Core/Src/stm32f4xx_it.o
                0x0000000008001d1c                DebugMon_Handler
 .text.PendSV_Handler
                0x0000000008001d2a        0xe ./Core/Src/stm32f4xx_it.o
                0x0000000008001d2a                PendSV_Handler
 .text.SysTick_Handler
                0x0000000008001d38       0x34 ./Core/Src/stm32f4xx_it.o
                0x0000000008001d38                SysTick_Handler
 .text._sbrk    0x0000000008001d6c       0x6c ./Core/Src/sysmem.o
                0x0000000008001d6c                _sbrk
 .text.SystemInit
                0x0000000008001dd8       0x24 ./Core/Src/system_stm32f4xx.o
                0x0000000008001dd8                SystemInit
 .text.PIN_LOW  0x0000000008001dfc       0x20 ./Core/Src/tft.o
                0x0000000008001dfc                PIN_LOW
 .text.PIN_HIGH
                0x0000000008001e1c       0x20 ./Core/Src/tft.o
                0x0000000008001e1c                PIN_HIGH
 .text.PIN_INPUT
                0x0000000008001e3c       0x2c ./Core/Src/tft.o
                0x0000000008001e3c                PIN_INPUT
 .text.PIN_OUTPUT
                0x0000000008001e68       0x30 ./Core/Src/tft.o
                0x0000000008001e68                PIN_OUTPUT
 .text.width    0x0000000008001e98       0x18 ./Core/Src/tft.o
                0x0000000008001e98                width
 .text.height   0x0000000008001eb0       0x18 ./Core/Src/tft.o
                0x0000000008001eb0                height
 .text.color565_to_555
                0x0000000008001ec8       0x40 ./Core/Src/tft.o
 .text.color555_to_565
                0x0000000008001f08       0x42 ./Core/Src/tft.o
 .text.color565_to_r
                0x0000000008001f4a       0x22 ./Core/Src/tft.o
 .text.color565_to_g
                0x0000000008001f6c       0x22 ./Core/Src/tft.o
 .text.color565_to_b
                0x0000000008001f8e       0x1c ./Core/Src/tft.o
 .text.color565
                0x0000000008001faa       0x4c ./Core/Src/tft.o
                0x0000000008001faa                color565
 .text.readPixel
                0x0000000008001ff6       0x30 ./Core/Src/tft.o
                0x0000000008001ff6                readPixel
 .text.WriteCmdData
                0x0000000008002026       0x24 ./Core/Src/tft.o
                0x0000000008002026                WriteCmdData
 .text.pushCommand
                0x000000000800204a       0x26 ./Core/Src/tft.o
                0x000000000800204a                pushCommand
 .text.setReadDir
                0x0000000008002070       0x5c ./Core/Src/tft.o
                0x0000000008002070                setReadDir
 .text.setWriteDir
                0x00000000080020cc       0x5c ./Core/Src/tft.o
                0x00000000080020cc                setWriteDir
 .text.write24  0x0000000008002128      0x200 ./Core/Src/tft.o
 .text.writecmddata
                0x0000000008002328      0x2ac ./Core/Src/tft.o
 .text.WriteCmdParamN
                0x00000000080025d4      0x39c ./Core/Src/tft.o
 .text.WriteCmdParam4
                0x0000000008002970       0x48 ./Core/Src/tft.o
 .text.init_table
                0x00000000080029b8       0xb2 ./Core/Src/tft.o
 .text.init_table16
                0x0000000008002a6a       0x60 ./Core/Src/tft.o
 *fill*         0x0000000008002aca        0x2 
 .text.reset    0x0000000008002acc       0x98 ./Core/Src/tft.o
                0x0000000008002acc                reset
 .text.read16bits
                0x0000000008002b64      0x1e4 ./Core/Src/tft.o
 .text.readReg  0x0000000008002d48      0x1b8 ./Core/Src/tft.o
                0x0000000008002d48                readReg
 .text.readReg32
                0x0000000008002f00       0x36 ./Core/Src/tft.o
                0x0000000008002f00                readReg32
 .text.readReg40
                0x0000000008002f36       0x4e ./Core/Src/tft.o
                0x0000000008002f36                readReg40
 .text.tft_init
                0x0000000008002f84      0x70c ./Core/Src/tft.o
                0x0000000008002f84                tft_init
 .text.readID   0x0000000008003690      0x280 ./Core/Src/tft.o
                0x0000000008003690                readID
 .text.readGRAM
                0x0000000008003910      0xbe0 ./Core/Src/tft.o
                0x0000000008003910                readGRAM
 .text.setRotation
                0x00000000080044f0      0x50c ./Core/Src/tft.o
                0x00000000080044f0                setRotation
 .text.drawPixel
                0x00000000080049fc      0x20c ./Core/Src/tft.o
                0x00000000080049fc                drawPixel
 .text.setAddrWindow
                0x0000000008004c08      0x248 ./Core/Src/tft.o
                0x0000000008004c08                setAddrWindow
 .text.vertScroll
                0x0000000008004e50      0x24c ./Core/Src/tft.o
                0x0000000008004e50                vertScroll
 .text.fillScreen
                0x000000000800509c       0x34 ./Core/Src/tft.o
                0x000000000800509c                fillScreen
 .text.invertDisplay
                0x00000000080050d0      0x14c ./Core/Src/tft.o
                0x00000000080050d0                invertDisplay
 .text.writePixel
                0x000000000800521c       0x2a ./Core/Src/tft.o
                0x000000000800521c                writePixel
 *fill*         0x0000000008005246        0x2 
 .text.fillRect
                0x0000000008005248      0x448 ./Core/Src/tft.o
                0x0000000008005248                fillRect
 .text.drawChar
                0x0000000008005690      0x17c ./Core/Src/tft.o
                0x0000000008005690                drawChar
 .text.write    0x000000000800580c      0x14c ./Core/Src/tft.o
                0x000000000800580c                write
 .text.setFont  0x0000000008005958       0x54 ./Core/Src/tft.o
                0x0000000008005958                setFont
 .text.printnewtstr
                0x00000000080059ac       0x68 ./Core/Src/tft.o
                0x00000000080059ac                printnewtstr
 .text.setCursor
                0x0000000008005a14       0x34 ./Core/Src/tft.o
                0x0000000008005a14                setCursor
 .text.delay    0x0000000008005a48       0x30 ./Core/Src/tft.o
                0x0000000008005a48                delay
 .text.desenhaPixel
                0x0000000008005a78      0x154 ./Core/Src/tft.o
                0x0000000008005a78                desenhaPixel
 .text.inicioDados
                0x0000000008005bcc      0x164 ./Core/Src/tft.o
                0x0000000008005bcc                inicioDados
 .text.fimDados
                0x0000000008005d30       0x14 ./Core/Src/tft.o
                0x0000000008005d30                fimDados
 .text.tft_gpio_init
                0x0000000008005d44       0xe4 ./Core/Src/tft.o
                0x0000000008005d44                tft_gpio_init
 .text.Reset_Handler
                0x0000000008005e28       0x50 ./Core/Startup/startup_stm32f446retx.o
                0x0000000008005e28                Reset_Handler
 .text.Default_Handler
                0x0000000008005e78        0x2 ./Core/Startup/startup_stm32f446retx.o
                0x0000000008005e78                RTC_Alarm_IRQHandler
                0x0000000008005e78                EXTI2_IRQHandler
                0x0000000008005e78                TIM8_CC_IRQHandler
                0x0000000008005e78                FMPI2C1_EV_IRQHandler
                0x0000000008005e78                SPI4_IRQHandler
                0x0000000008005e78                TIM1_CC_IRQHandler
                0x0000000008005e78                DMA2_Stream5_IRQHandler
                0x0000000008005e78                DMA1_Stream5_IRQHandler
                0x0000000008005e78                PVD_IRQHandler
                0x0000000008005e78                SDIO_IRQHandler
                0x0000000008005e78                TAMP_STAMP_IRQHandler
                0x0000000008005e78                CAN2_RX1_IRQHandler
                0x0000000008005e78                EXTI3_IRQHandler
                0x0000000008005e78                TIM8_TRG_COM_TIM14_IRQHandler
                0x0000000008005e78                TIM1_UP_TIM10_IRQHandler
                0x0000000008005e78                TIM8_UP_TIM13_IRQHandler
                0x0000000008005e78                I2C3_ER_IRQHandler
                0x0000000008005e78                EXTI0_IRQHandler
                0x0000000008005e78                I2C2_EV_IRQHandler
                0x0000000008005e78                DMA1_Stream2_IRQHandler
                0x0000000008005e78                CAN1_RX0_IRQHandler
                0x0000000008005e78                FPU_IRQHandler
                0x0000000008005e78                OTG_HS_WKUP_IRQHandler
                0x0000000008005e78                CAN2_SCE_IRQHandler
                0x0000000008005e78                DMA2_Stream2_IRQHandler
                0x0000000008005e78                SPI1_IRQHandler
                0x0000000008005e78                TIM6_DAC_IRQHandler
                0x0000000008005e78                TIM1_BRK_TIM9_IRQHandler
                0x0000000008005e78                DCMI_IRQHandler
                0x0000000008005e78                CAN2_RX0_IRQHandler
                0x0000000008005e78                DMA2_Stream3_IRQHandler
                0x0000000008005e78                SAI2_IRQHandler
                0x0000000008005e78                USART6_IRQHandler
                0x0000000008005e78                USART3_IRQHandler
                0x0000000008005e78                CAN1_RX1_IRQHandler
                0x0000000008005e78                UART5_IRQHandler
                0x0000000008005e78                DMA2_Stream0_IRQHandler
                0x0000000008005e78                TIM4_IRQHandler
                0x0000000008005e78                QUADSPI_IRQHandler
                0x0000000008005e78                I2C1_EV_IRQHandler
                0x0000000008005e78                DMA1_Stream6_IRQHandler
                0x0000000008005e78                DMA1_Stream1_IRQHandler
                0x0000000008005e78                UART4_IRQHandler
                0x0000000008005e78                TIM3_IRQHandler
                0x0000000008005e78                RCC_IRQHandler
                0x0000000008005e78                TIM8_BRK_TIM12_IRQHandler
                0x0000000008005e78                Default_Handler
                0x0000000008005e78                CEC_IRQHandler
                0x0000000008005e78                EXTI15_10_IRQHandler
                0x0000000008005e78                ADC_IRQHandler
                0x0000000008005e78                DMA1_Stream7_IRQHandler
                0x0000000008005e78                TIM7_IRQHandler
                0x0000000008005e78                CAN2_TX_IRQHandler
                0x0000000008005e78                TIM5_IRQHandler
                0x0000000008005e78                DMA2_Stream7_IRQHandler
                0x0000000008005e78                I2C3_EV_IRQHandler
                0x0000000008005e78                EXTI9_5_IRQHandler
                0x0000000008005e78                RTC_WKUP_IRQHandler
                0x0000000008005e78                SPDIF_RX_IRQHandler
                0x0000000008005e78                SPI2_IRQHandler
                0x0000000008005e78                OTG_HS_EP1_IN_IRQHandler
                0x0000000008005e78                DMA1_Stream0_IRQHandler
                0x0000000008005e78                CAN1_TX_IRQHandler
                0x0000000008005e78                FMPI2C1_ER_IRQHandler
                0x0000000008005e78                EXTI4_IRQHandler
                0x0000000008005e78                OTG_HS_EP1_OUT_IRQHandler
                0x0000000008005e78                WWDG_IRQHandler
                0x0000000008005e78                TIM2_IRQHandler
                0x0000000008005e78                OTG_FS_WKUP_IRQHandler
                0x0000000008005e78                TIM1_TRG_COM_TIM11_IRQHandler
                0x0000000008005e78                OTG_HS_IRQHandler
                0x0000000008005e78                EXTI1_IRQHandler
                0x0000000008005e78                USART2_IRQHandler
                0x0000000008005e78                I2C2_ER_IRQHandler
                0x0000000008005e78                DMA2_Stream1_IRQHandler
                0x0000000008005e78                CAN1_SCE_IRQHandler
                0x0000000008005e78                FLASH_IRQHandler
                0x0000000008005e78                DMA2_Stream4_IRQHandler
                0x0000000008005e78                USART1_IRQHandler
                0x0000000008005e78                OTG_FS_IRQHandler
                0x0000000008005e78                SPI3_IRQHandler
                0x0000000008005e78                DMA1_Stream4_IRQHandler
                0x0000000008005e78                I2C1_ER_IRQHandler
                0x0000000008005e78                FMC_IRQHandler
                0x0000000008005e78                DMA2_Stream6_IRQHandler
                0x0000000008005e78                SAI1_IRQHandler
                0x0000000008005e78                DMA1_Stream3_IRQHandler
 *fill*         0x0000000008005e7a        0x2 
 .text.HAL_Init
                0x0000000008005e7c       0x44 ./Drivers/STM32F4xx_HAL_Driver/Src/stm32f4xx_hal.o
                0x0000000008005e7c                HAL_Init
 .text.HAL_InitTick
                0x0000000008005ec0       0x60 ./Drivers/STM32F4xx_HAL_Driver/Src/stm32f4xx_hal.o
                0x0000000008005ec0                HAL_InitTick
 .text.HAL_IncTick
                0x0000000008005f20       0x28 ./Drivers/STM32F4xx_HAL_Driver/Src/stm32f4xx_hal.o
                0x0000000008005f20                HAL_IncTick
 .text.HAL_GetTick
                0x0000000008005f48       0x18 ./Drivers/STM32F4xx_HAL_Driver/Src/stm32f4xx_hal.o
                0x0000000008005f48                HAL_GetTick
 .text.HAL_Delay
                0x0000000008005f60       0x48 ./Drivers/STM32F4xx_HAL_Driver/Src/stm32f4xx_hal.o
                0x0000000008005f60                HAL_Delay
 .text.__NVIC_SetPriorityGrouping
                0x0000000008005fa8       0x48 ./Drivers/STM32F4xx_HAL_Driver/Src/stm32f4xx_hal_cortex.o
 .text.__NVIC_GetPriorityGrouping
                0x0000000008005ff0       0x1c ./Drivers/STM32F4xx_HAL_Driver/Src/stm32f4xx_hal_cortex.o
 .text.__NVIC_SetPriority
                0x000000000800600c       0x54 ./Drivers/STM32F4xx_HAL_Driver/Src/stm32f4xx_hal_cortex.o
 .text.NVIC_EncodePriority
                0x0000000008006060       0x66 ./Drivers/STM32F4xx_HAL_Driver/Src/stm32f4xx_hal_cortex.o
 *fill*         0x00000000080060c6        0x2 
 .text.SysTick_Config
                0x00000000080060c8       0x44 ./Drivers/STM32F4xx_HAL_Driver/Src/stm32f4xx_hal_cortex.o
 .text.HAL_NVIC_SetPriorityGrouping
                0x000000000800610c       0x16 ./Drivers/STM32F4xx_HAL_Driver/Src/stm32f4xx_hal_cortex.o
                0x000000000800610c                HAL_NVIC_SetPriorityGrouping
 .text.HAL_NVIC_SetPriority
                0x0000000008006122       0x38 ./Drivers/STM32F4xx_HAL_Driver/Src/stm32f4xx_hal_cortex.o
                0x0000000008006122                HAL_NVIC_SetPriority
 .text.HAL_SYSTICK_Config
                0x000000000800615a       0x18 ./Drivers/STM32F4xx_HAL_Driver/Src/stm32f4xx_hal_cortex.o
                0x000000000800615a                HAL_SYSTICK_Config
 *fill*         0x0000000008006172        0x2 
 .text.HAL_GPIO_Init
                0x0000000008006174      0x328 ./Drivers/STM32F4xx_HAL_Driver/Src/stm32f4xx_hal_gpio.o
                0x0000000008006174                HAL_GPIO_Init
 .text.HAL_GPIO_WritePin
                0x000000000800649c       0x32 ./Drivers/STM32F4xx_HAL_Driver/Src/stm32f4xx_hal_gpio.o
                0x000000000800649c                HAL_GPIO_WritePin
 *fill*         0x00000000080064ce        0x2 
 .text.HAL_RCC_ClockConfig
                0x00000000080064d0      0x1cc ./Drivers/STM32F4xx_HAL_Driver/Src/stm32f4xx_hal_rcc.o
                0x00000000080064d0                HAL_RCC_ClockConfig
 .text.HAL_RCC_GetHCLKFreq
                0x000000000800669c       0x18 ./Drivers/STM32F4xx_HAL_Driver/Src/stm32f4xx_hal_rcc.o
                0x000000000800669c                HAL_RCC_GetHCLKFreq
 .text.HAL_RCC_GetPCLK1Freq
                0x00000000080066b4       0x28 ./Drivers/STM32F4xx_HAL_Driver/Src/stm32f4xx_hal_rcc.o
                0x00000000080066b4                HAL_RCC_GetPCLK1Freq
 .text.HAL_RCC_GetPCLK2Freq
                0x00000000080066dc       0x28 ./Drivers/STM32F4xx_HAL_Driver/Src/stm32f4xx_hal_rcc.o
                0x00000000080066dc                HAL_RCC_GetPCLK2Freq
 .text.HAL_RCC_GetSysClockFreq
                0x0000000008006704      0x364 ./Drivers/STM32F4xx_HAL_Driver/Src/stm32f4xx_hal_rcc_ex.o
                0x0000000008006704                HAL_RCC_GetSysClockFreq
 .text.HAL_RCC_OscConfig
                0x0000000008006a68      0x53c ./Drivers/STM32F4xx_HAL_Driver/Src/stm32f4xx_hal_rcc_ex.o
                0x0000000008006a68                HAL_RCC_OscConfig
 .text.HAL_SPI_Init
                0x0000000008006fa4      0x112 ./Drivers/STM32F4xx_HAL_Driver/Src/stm32f4xx_hal_spi.o
                0x0000000008006fa4                HAL_SPI_Init
 .text.HAL_SPI_Transmit
                0x00000000080070b6      0x278 ./Drivers/STM32F4xx_HAL_Driver/Src/stm32f4xx_hal_spi.o
                0x00000000080070b6                HAL_SPI_Transmit
 .text.HAL_SPI_TransmitReceive
                0x000000000800732e      0x344 ./Drivers/STM32F4xx_HAL_Driver/Src/stm32f4xx_hal_spi.o
                0x000000000800732e                HAL_SPI_TransmitReceive
 .text.HAL_SPI_GetState
                0x0000000008007672       0x1c ./Drivers/STM32F4xx_HAL_Driver/Src/stm32f4xx_hal_spi.o
                0x0000000008007672                HAL_SPI_GetState
 *fill*         0x000000000800768e        0x2 
 .text.SPI_WaitFlagStateUntilTimeout
                0x0000000008007690      0x110 ./Drivers/STM32F4xx_HAL_Driver/Src/stm32f4xx_hal_spi.o
 .text.SPI_EndRxTxTransaction
                0x00000000080077a0       0x84 ./Drivers/STM32F4xx_HAL_Driver/Src/stm32f4xx_hal_spi.o
 .text.HAL_TIM_Base_Init
                0x0000000008007824       0x9e ./Drivers/STM32F4xx_HAL_Driver/Src/stm32f4xx_hal_tim.o
                0x0000000008007824                HAL_TIM_Base_Init
 *fill*         0x00000000080078c2        0x2 
 .text.HAL_TIM_Base_Start
                0x00000000080078c4       0xd0 ./Drivers/STM32F4xx_HAL_Driver/Src/stm32f4xx_hal_tim.o
                0x00000000080078c4                HAL_TIM_Base_Start
 .text.HAL_TIM_ConfigClockSource
                0x0000000008007994      0x18e ./Drivers/STM32F4xx_HAL_Driver/Src/stm32f4xx_hal_tim.o
                0x0000000008007994                HAL_TIM_ConfigClockSource
 *fill*         0x0000000008007b22        0x2 
 .text.TIM_Base_SetConfig
                0x0000000008007b24      0x140 ./Drivers/STM32F4xx_HAL_Driver/Src/stm32f4xx_hal_tim.o
                0x0000000008007b24                TIM_Base_SetConfig
 .text.TIM_TI1_ConfigInputStage
                0x0000000008007c64       0x5e ./Drivers/STM32F4xx_HAL_Driver/Src/stm32f4xx_hal_tim.o
 .text.TIM_TI2_ConfigInputStage
                0x0000000008007cc2       0x60 ./Drivers/STM32F4xx_HAL_Driver/Src/stm32f4xx_hal_tim.o
 .text.TIM_ITRx_SetConfig
                0x0000000008007d22       0x36 ./Drivers/STM32F4xx_HAL_Driver/Src/stm32f4xx_hal_tim.o
 .text.TIM_ETR_SetConfig
                0x0000000008007d58       0x40 ./Drivers/STM32F4xx_HAL_Driver/Src/stm32f4xx_hal_tim.o
                0x0000000008007d58                TIM_ETR_SetConfig
 .text.HAL_TIMEx_MasterConfigSynchronization
                0x0000000008007d98       0xf8 ./Drivers/STM32F4xx_HAL_Driver/Src/stm32f4xx_hal_tim_ex.o
                0x0000000008007d98                HAL_TIMEx_MasterConfigSynchronization
 .text.HAL_UART_Init
                0x0000000008007e90       0x9a ./Drivers/STM32F4xx_HAL_Driver/Src/stm32f4xx_hal_uart.o
                0x0000000008007e90                HAL_UART_Init
 .text.HAL_UART_Transmit
                0x0000000008007f2a      0x124 ./Drivers/STM32F4xx_HAL_Driver/Src/stm32f4xx_hal_uart.o
                0x0000000008007f2a                HAL_UART_Transmit
 .text.UART_WaitOnFlagUntilTimeout
                0x000000000800804e       0xdc ./Drivers/STM32F4xx_HAL_Driver/Src/stm32f4xx_hal_uart.o
 *fill*         0x000000000800812a        0x2 
 .text.UART_SetConfig
                0x000000000800812c      0x390 ./Drivers/STM32F4xx_HAL_Driver/Src/stm32f4xx_hal_uart.o
 .text.MX_FATFS_Init
                0x00000000080084bc       0x24 ./FATFS/App/fatfs.o
                0x00000000080084bc                MX_FATFS_Init
 .text.get_fattime
                0x00000000080084e0       0x10 ./FATFS/App/fatfs.o
                0x00000000080084e0                get_fattime
 .text.USER_initialize
                0x00000000080084f0       0x28 ./FATFS/Target/user_diskio.o
                0x00000000080084f0                USER_initialize
 .text.USER_status
                0x0000000008008518       0x28 ./FATFS/Target/user_diskio.o
                0x0000000008008518                USER_status
 .text.USER_read
                0x0000000008008540       0x28 ./FATFS/Target/user_diskio.o
                0x0000000008008540                USER_read
 .text.USER_write
                0x0000000008008568       0x28 ./FATFS/Target/user_diskio.o
                0x0000000008008568                USER_write
 .text.USER_ioctl
                0x0000000008008590       0x2c ./FATFS/Target/user_diskio.o
                0x0000000008008590                USER_ioctl
 .text.disk_status
                0x00000000080085bc       0x34 ./Middlewares/Third_Party/FatFs/src/diskio.o
                0x00000000080085bc                disk_status
 .text.disk_initialize
                0x00000000080085f0       0x4c ./Middlewares/Third_Party/FatFs/src/diskio.o
                0x00000000080085f0                disk_initialize
 .text.disk_read
                0x000000000800863c       0x40 ./Middlewares/Third_Party/FatFs/src/diskio.o
                0x000000000800863c                disk_read
 .text.disk_write
                0x000000000800867c       0x40 ./Middlewares/Third_Party/FatFs/src/diskio.o
                0x000000000800867c                disk_write
 .text.disk_ioctl
                0x00000000080086bc       0x3c ./Middlewares/Third_Party/FatFs/src/diskio.o
                0x00000000080086bc                disk_ioctl
 .text.ld_word  0x00000000080086f8       0x30 ./Middlewares/Third_Party/FatFs/src/ff.o
 .text.ld_dword
                0x0000000008008728       0x46 ./Middlewares/Third_Party/FatFs/src/ff.o
 .text.st_word  0x000000000800876e       0x36 ./Middlewares/Third_Party/FatFs/src/ff.o
 .text.st_dword
                0x00000000080087a4       0x58 ./Middlewares/Third_Party/FatFs/src/ff.o
 .text.mem_cpy  0x00000000080087fc       0x42 ./Middlewares/Third_Party/FatFs/src/ff.o
 .text.mem_set  0x000000000800883e       0x36 ./Middlewares/Third_Party/FatFs/src/ff.o
 .text.mem_cmp  0x0000000008008874       0x4e ./Middlewares/Third_Party/FatFs/src/ff.o
 .text.chk_chr  0x00000000080088c2       0x36 ./Middlewares/Third_Party/FatFs/src/ff.o
 .text.chk_lock
                0x00000000080088f8       0xb8 ./Middlewares/Third_Party/FatFs/src/ff.o
 .text.enq_lock
                0x00000000080089b0       0x44 ./Middlewares/Third_Party/FatFs/src/ff.o
 .text.inc_lock
                0x00000000080089f4      0x11c ./Middlewares/Third_Party/FatFs/src/ff.o
 .text.dec_lock
                0x0000000008008b10       0x78 ./Middlewares/Third_Party/FatFs/src/ff.o
 .text.clear_lock
                0x0000000008008b88       0x48 ./Middlewares/Third_Party/FatFs/src/ff.o
 .text.sync_window
                0x0000000008008bd0       0x88 ./Middlewares/Third_Party/FatFs/src/ff.o
 .text.move_window
                0x0000000008008c58       0x5a ./Middlewares/Third_Party/FatFs/src/ff.o
 *fill*         0x0000000008008cb2        0x2 
 .text.sync_fs  0x0000000008008cb4       0xe0 ./Middlewares/Third_Party/FatFs/src/ff.o
 .text.clust2sect
                0x0000000008008d94       0x3e ./Middlewares/Third_Party/FatFs/src/ff.o
 .text.get_fat  0x0000000008008dd2      0x1a8 ./Middlewares/Third_Party/FatFs/src/ff.o
 .text.put_fat  0x0000000008008f7a      0x238 ./Middlewares/Third_Party/FatFs/src/ff.o
 .text.remove_chain
                0x00000000080091b2       0xca ./Middlewares/Third_Party/FatFs/src/ff.o
 .text.create_chain
                0x000000000800927c      0x130 ./Middlewares/Third_Party/FatFs/src/ff.o
 .text.clmt_clust
                0x00000000080093ac       0x70 ./Middlewares/Third_Party/FatFs/src/ff.o
 .text.dir_sdi  0x000000000800941c      0x112 ./Middlewares/Third_Party/FatFs/src/ff.o
 .text.dir_next
                0x000000000800952e      0x1ac ./Middlewares/Third_Party/FatFs/src/ff.o
 .text.dir_alloc
                0x00000000080096da       0x8e ./Middlewares/Third_Party/FatFs/src/ff.o
 .text.ld_clust
                0x0000000008009768       0x3e ./Middlewares/Third_Party/FatFs/src/ff.o
 .text.st_clust
                0x00000000080097a6       0x40 ./Middlewares/Third_Party/FatFs/src/ff.o
 *fill*         0x00000000080097e6        0x2 
 .text.cmp_lfn  0x00000000080097e8       0xe0 ./Middlewares/Third_Party/FatFs/src/ff.o
 .text.put_lfn  0x00000000080098c8       0xd0 ./Middlewares/Third_Party/FatFs/src/ff.o
 .text.gen_numname
                0x0000000008009998      0x120 ./Middlewares/Third_Party/FatFs/src/ff.o
 .text.sum_sfn  0x0000000008009ab8       0x42 ./Middlewares/Third_Party/FatFs/src/ff.o
 .text.dir_find
                0x0000000008009afa      0x180 ./Middlewares/Third_Party/FatFs/src/ff.o
 *fill*         0x0000000008009c7a        0x2 
 .text.dir_register
                0x0000000008009c7c      0x1f0 ./Middlewares/Third_Party/FatFs/src/ff.o
 .text.create_name
                0x0000000008009e6c      0x370 ./Middlewares/Third_Party/FatFs/src/ff.o
 .text.follow_path
                0x000000000800a1dc       0xec ./Middlewares/Third_Party/FatFs/src/ff.o
 .text.get_ldnumber
                0x000000000800a2c8       0x88 ./Middlewares/Third_Party/FatFs/src/ff.o
 .text.check_fs
                0x000000000800a350       0xac ./Middlewares/Third_Party/FatFs/src/ff.o
 .text.find_volume
                0x000000000800a3fc      0x510 ./Middlewares/Third_Party/FatFs/src/ff.o
 .text.validate
                0x000000000800a90c       0x6a ./Middlewares/Third_Party/FatFs/src/ff.o
 *fill*         0x000000000800a976        0x2 
 .text.f_mount  0x000000000800a978       0x8c ./Middlewares/Third_Party/FatFs/src/ff.o
                0x000000000800a978                f_mount
 .text.f_open   0x000000000800aa04      0x398 ./Middlewares/Third_Party/FatFs/src/ff.o
                0x000000000800aa04                f_open
 .text.f_read   0x000000000800ad9c      0x2be ./Middlewares/Third_Party/FatFs/src/ff.o
                0x000000000800ad9c                f_read
 .text.f_sync   0x000000000800b05a       0xfc ./Middlewares/Third_Party/FatFs/src/ff.o
                0x000000000800b05a                f_sync
 .text.f_close  0x000000000800b156       0x54 ./Middlewares/Third_Party/FatFs/src/ff.o
                0x000000000800b156                f_close
 *fill*         0x000000000800b1aa        0x2 
 .text.FATFS_LinkDriverEx
                0x000000000800b1ac       0x98 ./Middlewares/Third_Party/FatFs/src/ff_gen_drv.o
                0x000000000800b1ac                FATFS_LinkDriverEx
 .text.FATFS_LinkDriver
                0x000000000800b244       0x1e ./Middlewares/Third_Party/FatFs/src/ff_gen_drv.o
                0x000000000800b244                FATFS_LinkDriver
 *fill*         0x000000000800b262        0x2 
 .text.ff_convert
                0x000000000800b264       0x78 ./Middlewares/Third_Party/FatFs/src/option/ccsbcs.o
                0x000000000800b264                ff_convert
 .text.ff_wtoupper
                0x000000000800b2dc      0x114 ./Middlewares/Third_Party/FatFs/src/option/ccsbcs.o
                0x000000000800b2dc                ff_wtoupper
 .text.__errno  0x000000000800b3f0        0xc c:/st/stm32cubeide_1.4.0/stm32cubeide/plugins/com.st.stm32cube.ide.mcu.externaltools.gnu-tools-for-stm32.9-2020-q2-update.win32_2.0.0.202105311346/tools/bin/../lib/gcc/arm-none-eabi/9.3.1/../../../../arm-none-eabi/lib/thumb/v7e-m+fp/hard\libc_nano.a(lib_a-errno.o)
                0x000000000800b3f0                __errno
 .text.__libc_init_array
                0x000000000800b3fc       0x48 c:/st/stm32cubeide_1.4.0/stm32cubeide/plugins/com.st.stm32cube.ide.mcu.externaltools.gnu-tools-for-stm32.9-2020-q2-update.win32_2.0.0.202105311346/tools/bin/../lib/gcc/arm-none-eabi/9.3.1/../../../../arm-none-eabi/lib/thumb/v7e-m+fp/hard\libc_nano.a(lib_a-init.o)
                0x000000000800b3fc                __libc_init_array
 .text.memset   0x000000000800b444       0x10 c:/st/stm32cubeide_1.4.0/stm32cubeide/plugins/com.st.stm32cube.ide.mcu.externaltools.gnu-tools-for-stm32.9-2020-q2-update.win32_2.0.0.202105311346/tools/bin/../lib/gcc/arm-none-eabi/9.3.1/../../../../arm-none-eabi/lib/thumb/v7e-m+fp/hard\libc_nano.a(lib_a-memset.o)
                0x000000000800b444                memset
 .text.sprintf  0x000000000800b454       0x40 c:/st/stm32cubeide_1.4.0/stm32cubeide/plugins/com.st.stm32cube.ide.mcu.externaltools.gnu-tools-for-stm32.9-2020-q2-update.win32_2.0.0.202105311346/tools/bin/../lib/gcc/arm-none-eabi/9.3.1/../../../../arm-none-eabi/lib/thumb/v7e-m+fp/hard\libc_nano.a(lib_a-sprintf.o)
                0x000000000800b454                siprintf
                0x000000000800b454                sprintf
 .text.__ssputs_r
                0x000000000800b494       0xb6 c:/st/stm32cubeide_1.4.0/stm32cubeide/plugins/com.st.stm32cube.ide.mcu.externaltools.gnu-tools-for-stm32.9-2020-q2-update.win32_2.0.0.202105311346/tools/bin/../lib/gcc/arm-none-eabi/9.3.1/../../../../arm-none-eabi/lib/thumb/v7e-m+fp/hard\libc_nano.a(lib_a-nano-svfprintf.o)
                0x000000000800b494                __ssputs_r
 *fill*         0x000000000800b54a        0x2 
 .text._svfprintf_r
                0x000000000800b54c      0x200 c:/st/stm32cubeide_1.4.0/stm32cubeide/plugins/com.st.stm32cube.ide.mcu.externaltools.gnu-tools-for-stm32.9-2020-q2-update.win32_2.0.0.202105311346/tools/bin/../lib/gcc/arm-none-eabi/9.3.1/../../../../arm-none-eabi/lib/thumb/v7e-m+fp/hard\libc_nano.a(lib_a-nano-svfprintf.o)
                0x000000000800b54c                _svfiprintf_r
                0x000000000800b54c                _svfprintf_r
 .text._printf_common
                0x000000000800b74c       0xda c:/st/stm32cubeide_1.4.0/stm32cubeide/plugins/com.st.stm32cube.ide.mcu.externaltools.gnu-tools-for-stm32.9-2020-q2-update.win32_2.0.0.202105311346/tools/bin/../lib/gcc/arm-none-eabi/9.3.1/../../../../arm-none-eabi/lib/thumb/v7e-m+fp/hard\libc_nano.a(lib_a-nano-vfprintf_i.o)
                0x000000000800b74c                _printf_common
 *fill*         0x000000000800b826        0x2 
 .text._printf_i
                0x000000000800b828      0x24c c:/st/stm32cubeide_1.4.0/stm32cubeide/plugins/com.st.stm32cube.ide.mcu.externaltools.gnu-tools-for-stm32.9-2020-q2-update.win32_2.0.0.202105311346/tools/bin/../lib/gcc/arm-none-eabi/9.3.1/../../../../arm-none-eabi/lib/thumb/v7e-m+fp/hard\libc_nano.a(lib_a-nano-vfprintf_i.o)
                0x000000000800b828                _printf_i
 .text.memcpy   0x000000000800ba74       0x1c c:/st/stm32cubeide_1.4.0/stm32cubeide/plugins/com.st.stm32cube.ide.mcu.externaltools.gnu-tools-for-stm32.9-2020-q2-update.win32_2.0.0.202105311346/tools/bin/../lib/gcc/arm-none-eabi/9.3.1/../../../../arm-none-eabi/lib/thumb/v7e-m+fp/hard\libc_nano.a(lib_a-memcpy-stub.o)
                0x000000000800ba74                memcpy
 .text.memmove  0x000000000800ba90       0x34 c:/st/stm32cubeide_1.4.0/stm32cubeide/plugins/com.st.stm32cube.ide.mcu.externaltools.gnu-tools-for-stm32.9-2020-q2-update.win32_2.0.0.202105311346/tools/bin/../lib/gcc/arm-none-eabi/9.3.1/../../../../arm-none-eabi/lib/thumb/v7e-m+fp/hard\libc_nano.a(lib_a-memmove.o)
                0x000000000800ba90                memmove
 .text._free_r  0x000000000800bac4       0xa0 c:/st/stm32cubeide_1.4.0/stm32cubeide/plugins/com.st.stm32cube.ide.mcu.externaltools.gnu-tools-for-stm32.9-2020-q2-update.win32_2.0.0.202105311346/tools/bin/../lib/gcc/arm-none-eabi/9.3.1/../../../../arm-none-eabi/lib/thumb/v7e-m+fp/hard\libc_nano.a(lib_a-nano-freer.o)
                0x000000000800bac4                _free_r
 .text._malloc_r
                0x000000000800bb64       0xb4 c:/st/stm32cubeide_1.4.0/stm32cubeide/plugins/com.st.stm32cube.ide.mcu.externaltools.gnu-tools-for-stm32.9-2020-q2-update.win32_2.0.0.202105311346/tools/bin/../lib/gcc/arm-none-eabi/9.3.1/../../../../arm-none-eabi/lib/thumb/v7e-m+fp/hard\libc_nano.a(lib_a-nano-mallocr.o)
                0x000000000800bb64                _malloc_r
 .text._realloc_r
                0x000000000800bc18       0x4c c:/st/stm32cubeide_1.4.0/stm32cubeide/plugins/com.st.stm32cube.ide.mcu.externaltools.gnu-tools-for-stm32.9-2020-q2-update.win32_2.0.0.202105311346/tools/bin/../lib/gcc/arm-none-eabi/9.3.1/../../../../arm-none-eabi/lib/thumb/v7e-m+fp/hard\libc_nano.a(lib_a-nano-reallocr.o)
                0x000000000800bc18                _realloc_r
 .text._sbrk_r  0x000000000800bc64       0x20 c:/st/stm32cubeide_1.4.0/stm32cubeide/plugins/com.st.stm32cube.ide.mcu.externaltools.gnu-tools-for-stm32.9-2020-q2-update.win32_2.0.0.202105311346/tools/bin/../lib/gcc/arm-none-eabi/9.3.1/../../../../arm-none-eabi/lib/thumb/v7e-m+fp/hard\libc_nano.a(lib_a-sbrkr.o)
                0x000000000800bc64                _sbrk_r
 .text.__malloc_lock
                0x000000000800bc84        0xc c:/st/stm32cubeide_1.4.0/stm32cubeide/plugins/com.st.stm32cube.ide.mcu.externaltools.gnu-tools-for-stm32.9-2020-q2-update.win32_2.0.0.202105311346/tools/bin/../lib/gcc/arm-none-eabi/9.3.1/../../../../arm-none-eabi/lib/thumb/v7e-m+fp/hard\libc_nano.a(lib_a-mlock.o)
                0x000000000800bc84                __malloc_lock
 .text.__malloc_unlock
                0x000000000800bc90        0xc c:/st/stm32cubeide_1.4.0/stm32cubeide/plugins/com.st.stm32cube.ide.mcu.externaltools.gnu-tools-for-stm32.9-2020-q2-update.win32_2.0.0.202105311346/tools/bin/../lib/gcc/arm-none-eabi/9.3.1/../../../../arm-none-eabi/lib/thumb/v7e-m+fp/hard\libc_nano.a(lib_a-mlock.o)
                0x000000000800bc90                __malloc_unlock
 .text._malloc_usable_size_r
                0x000000000800bc9c       0x10 c:/st/stm32cubeide_1.4.0/stm32cubeide/plugins/com.st.stm32cube.ide.mcu.externaltools.gnu-tools-for-stm32.9-2020-q2-update.win32_2.0.0.202105311346/tools/bin/../lib/gcc/arm-none-eabi/9.3.1/../../../../arm-none-eabi/lib/thumb/v7e-m+fp/hard\libc_nano.a(lib_a-nano-msizer.o)
                0x000000000800bc9c                _malloc_usable_size_r
 .text.__retarget_lock_acquire_recursive
                0x000000000800bcac        0x2 c:/st/stm32cubeide_1.4.0/stm32cubeide/plugins/com.st.stm32cube.ide.mcu.externaltools.gnu-tools-for-stm32.9-2020-q2-update.win32_2.0.0.202105311346/tools/bin/../lib/gcc/arm-none-eabi/9.3.1/../../../../arm-none-eabi/lib/thumb/v7e-m+fp/hard\libc_nano.a(lib_a-lock.o)
                0x000000000800bcac                __retarget_lock_acquire_recursive
 .text.__retarget_lock_release_recursive
                0x000000000800bcae        0x2 c:/st/stm32cubeide_1.4.0/stm32cubeide/plugins/com.st.stm32cube.ide.mcu.externaltools.gnu-tools-for-stm32.9-2020-q2-update.win32_2.0.0.202105311346/tools/bin/../lib/gcc/arm-none-eabi/9.3.1/../../../../arm-none-eabi/lib/thumb/v7e-m+fp/hard\libc_nano.a(lib_a-lock.o)
                0x000000000800bcae                __retarget_lock_release_recursive
 *(.glue_7)
 .glue_7        0x000000000800bcb0        0x0 linker stubs
 *(.glue_7t)
 .glue_7t       0x000000000800bcb0        0x0 linker stubs
 *(.eh_frame)
 .eh_frame      0x000000000800bcb0        0x0 c:/st/stm32cubeide_1.4.0/stm32cubeide/plugins/com.st.stm32cube.ide.mcu.externaltools.gnu-tools-for-stm32.9-2020-q2-update.win32_2.0.0.202105311346/tools/bin/../lib/gcc/arm-none-eabi/9.3.1/thumb/v7e-m+fp/hard/crtbegin.o
 *(.init)
 .init          0x000000000800bcb0        0x4 c:/st/stm32cubeide_1.4.0/stm32cubeide/plugins/com.st.stm32cube.ide.mcu.externaltools.gnu-tools-for-stm32.9-2020-q2-update.win32_2.0.0.202105311346/tools/bin/../lib/gcc/arm-none-eabi/9.3.1/thumb/v7e-m+fp/hard/crti.o
                0x000000000800bcb0                _init
 .init          0x000000000800bcb4        0x8 c:/st/stm32cubeide_1.4.0/stm32cubeide/plugins/com.st.stm32cube.ide.mcu.externaltools.gnu-tools-for-stm32.9-2020-q2-update.win32_2.0.0.202105311346/tools/bin/../lib/gcc/arm-none-eabi/9.3.1/thumb/v7e-m+fp/hard/crtn.o
 *(.fini)
 .fini          0x000000000800bcbc        0x4 c:/st/stm32cubeide_1.4.0/stm32cubeide/plugins/com.st.stm32cube.ide.mcu.externaltools.gnu-tools-for-stm32.9-2020-q2-update.win32_2.0.0.202105311346/tools/bin/../lib/gcc/arm-none-eabi/9.3.1/thumb/v7e-m+fp/hard/crti.o
                0x000000000800bcbc                _fini
 .fini          0x000000000800bcc0        0x8 c:/st/stm32cubeide_1.4.0/stm32cubeide/plugins/com.st.stm32cube.ide.mcu.externaltools.gnu-tools-for-stm32.9-2020-q2-update.win32_2.0.0.202105311346/tools/bin/../lib/gcc/arm-none-eabi/9.3.1/thumb/v7e-m+fp/hard/crtn.o
                0x000000000800bcc8                . = ALIGN (0x4)
                0x000000000800bcc8                _etext = .

.vfp11_veneer   0x000000000800bcc8        0x0
 .vfp11_veneer  0x000000000800bcc8        0x0 linker stubs

.v4_bx          0x000000000800bcc8        0x0
 .v4_bx         0x000000000800bcc8        0x0 linker stubs

.iplt           0x000000000800bcc8        0x0
 .iplt          0x000000000800bcc8        0x0 c:/st/stm32cubeide_1.4.0/stm32cubeide/plugins/com.st.stm32cube.ide.mcu.externaltools.gnu-tools-for-stm32.9-2020-q2-update.win32_2.0.0.202105311346/tools/bin/../lib/gcc/arm-none-eabi/9.3.1/thumb/v7e-m+fp/hard/crtbegin.o

.rodata         0x000000000800bcc8     0x1514
                0x000000000800bcc8                . = ALIGN (0x4)
 *(.rodata)
 .rodata        0x000000000800bcc8      0x16e ./Core/Src/main.o
 *fill*         0x000000000800be36        0x2 
 .rodata        0x000000000800be38        0x3 ./Core/Src/tft.o
 *fill*         0x000000000800be3b        0x1 
 .rodata        0x000000000800be3c       0x48 ./Middlewares/Third_Party/FatFs/src/ff.o
 *(.rodata*)
 .rodata.FreeMonoBold12pt7bBitmaps
                0x000000000800be84      0x6c2 ./Core/Src/fonts.o
                0x000000000800be84                FreeMonoBold12pt7bBitmaps
 *fill*         0x000000000800c546        0x2 
 .rodata.FreeMonoBold12pt7bGlyphs
                0x000000000800c548      0x2f8 ./Core/Src/fonts.o
                0x000000000800c548                FreeMonoBold12pt7bGlyphs
 .rodata.mono12x7bold
                0x000000000800c840        0xc ./Core/Src/fonts.o
                0x000000000800c840                mono12x7bold
 .rodata.AHBPrescTable
                0x000000000800c84c       0x10 ./Core/Src/system_stm32f4xx.o
                0x000000000800c84c                AHBPrescTable
 .rodata.APBPrescTable
                0x000000000800c85c        0x8 ./Core/Src/system_stm32f4xx.o
                0x000000000800c85c                APBPrescTable
 .rodata.R61511_regValues.9704
                0x000000000800c864        0x3 ./Core/Src/tft.o
 *fill*         0x000000000800c867        0x1 
 .rodata.R61520_regValues.9707
                0x000000000800c868        0x6 ./Core/Src/tft.o
 *fill*         0x000000000800c86e        0x2 
 .rodata.R61526_regValues.9709
                0x000000000800c870        0xc ./Core/Src/tft.o
 .rodata.NT35310_regValues.9711
                0x000000000800c87c        0x2 ./Core/Src/tft.o
 *fill*         0x000000000800c87e        0x2 
 .rodata.ST7789_regValues.9713
                0x000000000800c880       0x41 ./Core/Src/tft.o
 *fill*         0x000000000800c8c1        0x3 
 .rodata.FK8031_regValues.9716
                0x000000000800c8c4       0x12 ./Core/Src/tft.o
 *fill*         0x000000000800c8d6        0x2 
 .rodata.HX8357C_regValues.9720
                0x000000000800c8d8        0x2 ./Core/Src/tft.o
 *fill*         0x000000000800c8da        0x2 
 .rodata.HX8357_99_regValues.9722
                0x000000000800c8dc       0x1d ./Core/Src/tft.o
 *fill*         0x000000000800c8f9        0x3 
 .rodata.ILI9320_regValues.9728
                0x000000000800c8fc       0xd8 ./Core/Src/tft.o
 .rodata.ILI9325_regValues.9735
                0x000000000800c9d4       0xcc ./Core/Src/tft.o
 .rodata.ILI9327_regValues.9737
                0x000000000800caa0       0x1e ./Core/Src/tft.o
 *fill*         0x000000000800cabe        0x2 
 .rodata.XX1602_regValues.9739
                0x000000000800cac0        0x6 ./Core/Src/tft.o
 *fill*         0x000000000800cac6        0x2 
 .rodata.ILI9329_regValues.9746
                0x000000000800cac8        0x3 ./Core/Src/tft.o
 *fill*         0x000000000800cacb        0x1 
 .rodata.ILI9341_regValues_2_4.9750
                0x000000000800cacc       0x65 ./Core/Src/tft.o
 *fill*         0x000000000800cb31        0x3 
 .rodata.ILI9481_regValues.9755
                0x000000000800cb34       0x45 ./Core/Src/tft.o
 *fill*         0x000000000800cb79        0x3 
 .rodata.ILI9486_regValues.9762
                0x000000000800cb7c       0x3b ./Core/Src/tft.o
 *fill*         0x000000000800cbb7        0x1 
 .rodata.ILI9488_regValues_max.9767
                0x000000000800cbb8       0x2b ./Core/Src/tft.o
 *fill*         0x000000000800cbe3        0x1 
 .rodata.R61505V_regValues.9770
                0x000000000800cbe4       0xb0 ./Core/Src/tft.o
 .rodata.R61509V_regValues.9773
                0x000000000800cc94       0xc0 ./Core/Src/tft.o
 .rodata.reset_off.9775
                0x000000000800cd54        0x9 ./Core/Src/tft.o
 *fill*         0x000000000800cd5d        0x3 
 .rodata.wake_on.9776
                0x000000000800cd60        0x6 ./Core/Src/tft.o
 *fill*         0x000000000800cd66        0x2 
 .rodata.ExCvt  0x000000000800cd68       0x80 ./Middlewares/Third_Party/FatFs/src/ff.o
 .rodata.LfnOfs
                0x000000000800cde8        0xd ./Middlewares/Third_Party/FatFs/src/ff.o
 *fill*         0x000000000800cdf5        0x3 
 .rodata.Tbl    0x000000000800cdf8      0x100 ./Middlewares/Third_Party/FatFs/src/option/ccsbcs.o
 .rodata.cvt1.9223
                0x000000000800cef8      0x1f2 ./Middlewares/Third_Party/FatFs/src/option/ccsbcs.o
 *fill*         0x000000000800d0ea        0x2 
 .rodata.cvt2.9224
                0x000000000800d0ec       0xbc ./Middlewares/Third_Party/FatFs/src/option/ccsbcs.o
 .rodata._svfprintf_r.str1.1
                0x000000000800d1a8       0x11 c:/st/stm32cubeide_1.4.0/stm32cubeide/plugins/com.st.stm32cube.ide.mcu.externaltools.gnu-tools-for-stm32.9-2020-q2-update.win32_2.0.0.202105311346/tools/bin/../lib/gcc/arm-none-eabi/9.3.1/../../../../arm-none-eabi/lib/thumb/v7e-m+fp/hard\libc_nano.a(lib_a-nano-svfprintf.o)
 .rodata._printf_i.str1.1
                0x000000000800d1b9       0x22 c:/st/stm32cubeide_1.4.0/stm32cubeide/plugins/com.st.stm32cube.ide.mcu.externaltools.gnu-tools-for-stm32.9-2020-q2-update.win32_2.0.0.202105311346/tools/bin/../lib/gcc/arm-none-eabi/9.3.1/../../../../arm-none-eabi/lib/thumb/v7e-m+fp/hard\libc_nano.a(lib_a-nano-vfprintf_i.o)
                0x000000000800d1dc                . = ALIGN (0x4)
 *fill*         0x000000000800d1db        0x1 

.ARM.extab      0x000000000800d1dc        0x0
                0x000000000800d1dc                . = ALIGN (0x4)
 *(.ARM.extab* .gnu.linkonce.armextab.*)
                0x000000000800d1dc                . = ALIGN (0x4)

.ARM            0x000000000800d1dc        0x8
                0x000000000800d1dc                . = ALIGN (0x4)
                0x000000000800d1dc                __exidx_start = .
 *(.ARM.exidx*)
 .ARM.exidx     0x000000000800d1dc        0x8 c:/st/stm32cubeide_1.4.0/stm32cubeide/plugins/com.st.stm32cube.ide.mcu.externaltools.gnu-tools-for-stm32.9-2020-q2-update.win32_2.0.0.202105311346/tools/bin/../lib/gcc/arm-none-eabi/9.3.1/thumb/v7e-m+fp/hard\libgcc.a(_udivmoddi4.o)
                0x000000000800d1e4                __exidx_end = .
                0x000000000800d1e4                . = ALIGN (0x4)

.rel.dyn        0x000000000800d1e4        0x0
 .rel.iplt      0x000000000800d1e4        0x0 c:/st/stm32cubeide_1.4.0/stm32cubeide/plugins/com.st.stm32cube.ide.mcu.externaltools.gnu-tools-for-stm32.9-2020-q2-update.win32_2.0.0.202105311346/tools/bin/../lib/gcc/arm-none-eabi/9.3.1/thumb/v7e-m+fp/hard/crtbegin.o

.preinit_array  0x000000000800d1e4        0x0
                0x000000000800d1e4                . = ALIGN (0x4)
                0x000000000800d1e4                PROVIDE (__preinit_array_start = .)
 *(.preinit_array*)
                0x000000000800d1e4                PROVIDE (__preinit_array_end = .)
                0x000000000800d1e4                . = ALIGN (0x4)

.init_array     0x000000000800d1e4        0x4
                0x000000000800d1e4                . = ALIGN (0x4)
                0x000000000800d1e4                PROVIDE (__init_array_start = .)
 *(SORT_BY_NAME(.init_array.*))
 *(.init_array*)
 .init_array    0x000000000800d1e4        0x4 c:/st/stm32cubeide_1.4.0/stm32cubeide/plugins/com.st.stm32cube.ide.mcu.externaltools.gnu-tools-for-stm32.9-2020-q2-update.win32_2.0.0.202105311346/tools/bin/../lib/gcc/arm-none-eabi/9.3.1/thumb/v7e-m+fp/hard/crtbegin.o
                0x000000000800d1e8                PROVIDE (__init_array_end = .)
                0x000000000800d1e8                . = ALIGN (0x4)

.fini_array     0x000000000800d1e8        0x4
                0x000000000800d1e8                . = ALIGN (0x4)
                [!provide]                        PROVIDE (__fini_array_start = .)
 *(SORT_BY_NAME(.fini_array.*))
 *(.fini_array*)
 .fini_array    0x000000000800d1e8        0x4 c:/st/stm32cubeide_1.4.0/stm32cubeide/plugins/com.st.stm32cube.ide.mcu.externaltools.gnu-tools-for-stm32.9-2020-q2-update.win32_2.0.0.202105311346/tools/bin/../lib/gcc/arm-none-eabi/9.3.1/thumb/v7e-m+fp/hard/crtbegin.o
                [!provide]                        PROVIDE (__fini_array_end = .)
                0x000000000800d1ec                . = ALIGN (0x4)
                0x000000000800d1ec                _sidata = LOADADDR (.data)

.data           0x0000000020000000       0x94 load address 0x000000000800d1ec
                0x0000000020000000                . = ALIGN (0x4)
                0x0000000020000000                _sdata = .
 *(.data)
 *(.data*)
 .data.Stat     0x0000000020000000        0x1 ./Core/Src/fatfs_sd.o
 *fill*         0x0000000020000001        0x3 
 .data.SystemCoreClock
                0x0000000020000004        0x4 ./Core/Src/system_stm32f4xx.o
                0x0000000020000004                SystemCoreClock
 .data._width   0x0000000020000008        0x2 ./Core/Src/tft.o
                0x0000000020000008                _width
 .data._height  0x000000002000000a        0x2 ./Core/Src/tft.o
                0x000000002000000a                _height
 .data.textsize
                0x000000002000000c        0x1 ./Core/Src/tft.o
                0x000000002000000c                textsize
 *fill*         0x000000002000000d        0x1 
 .data.textcolor
                0x000000002000000e        0x2 ./Core/Src/tft.o
                0x000000002000000e                textcolor
 .data.textbgcolor
                0x0000000020000010        0x2 ./Core/Src/tft.o
                0x0000000020000010                textbgcolor
 .data.wrap     0x0000000020000012        0x1 ./Core/Src/tft.o
                0x0000000020000012                wrap
 *fill*         0x0000000020000013        0x1 
 .data.uwTickPrio
                0x0000000020000014        0x4 ./Drivers/STM32F4xx_HAL_Driver/Src/stm32f4xx_hal.o
                0x0000000020000014                uwTickPrio
 .data.uwTickFreq
                0x0000000020000018        0x1 ./Drivers/STM32F4xx_HAL_Driver/Src/stm32f4xx_hal.o
                0x0000000020000018                uwTickFreq
 .data.Stat     0x0000000020000019        0x1 ./FATFS/Target/user_diskio.o
 *fill*         0x000000002000001a        0x2 
 .data.USER_Driver
                0x000000002000001c       0x14 ./FATFS/Target/user_diskio.o
                0x000000002000001c                USER_Driver
 .data._impure_ptr
                0x0000000020000030        0x4 c:/st/stm32cubeide_1.4.0/stm32cubeide/plugins/com.st.stm32cube.ide.mcu.externaltools.gnu-tools-for-stm32.9-2020-q2-update.win32_2.0.0.202105311346/tools/bin/../lib/gcc/arm-none-eabi/9.3.1/../../../../arm-none-eabi/lib/thumb/v7e-m+fp/hard\libc_nano.a(lib_a-impure.o)
                0x0000000020000030                _impure_ptr
 .data.impure_data
                0x0000000020000034       0x60 c:/st/stm32cubeide_1.4.0/stm32cubeide/plugins/com.st.stm32cube.ide.mcu.externaltools.gnu-tools-for-stm32.9-2020-q2-update.win32_2.0.0.202105311346/tools/bin/../lib/gcc/arm-none-eabi/9.3.1/../../../../arm-none-eabi/lib/thumb/v7e-m+fp/hard\libc_nano.a(lib_a-impure.o)
 *(.RamFunc)
 *(.RamFunc*)
                0x0000000020000094                . = ALIGN (0x4)
                0x0000000020000094                _edata = .

.igot.plt       0x0000000020000094        0x0 load address 0x000000000800d280
 .igot.plt      0x0000000020000094        0x0 c:/st/stm32cubeide_1.4.0/stm32cubeide/plugins/com.st.stm32cube.ide.mcu.externaltools.gnu-tools-for-stm32.9-2020-q2-update.win32_2.0.0.202105311346/tools/bin/../lib/gcc/arm-none-eabi/9.3.1/thumb/v7e-m+fp/hard/crtbegin.o
                0x0000000020000094                . = ALIGN (0x4)

.bss            0x0000000020000094     0x74e0 load address 0x000000000800d280
                0x0000000020000094                _sbss = .
                0x0000000020000094                __bss_start__ = _sbss
 *(.bss)
 .bss           0x0000000020000094       0x1c c:/st/stm32cubeide_1.4.0/stm32cubeide/plugins/com.st.stm32cube.ide.mcu.externaltools.gnu-tools-for-stm32.9-2020-q2-update.win32_2.0.0.202105311346/tools/bin/../lib/gcc/arm-none-eabi/9.3.1/thumb/v7e-m+fp/hard/crtbegin.o
 *(.bss*)
 .bss.CardType  0x00000000200000b0        0x1 ./Core/Src/fatfs_sd.o
 .bss.PowerFlag
                0x00000000200000b1        0x1 ./Core/Src/fatfs_sd.o
 *fill*         0x00000000200000b2        0x2 
 .bss.pixels_por_linha.10626
                0x00000000200000b4        0x4 ./Core/Src/main.o
 .bss.tamanho.10613
                0x00000000200000b8        0x4 ./Core/Src/main.o
 .bss.largura.10625
                0x00000000200000bc        0x4 ./Core/Src/main.o
 .bss.bytes_extras.10628
                0x00000000200000c0        0x1 ./Core/Src/main.o
 .bss.erro_bits.10627
                0x00000000200000c1        0x1 ./Core/Src/main.o
 *fill*         0x00000000200000c2        0x2 
 .bss.sobrou.10614
                0x00000000200000c4        0x3 ./Core/Src/main.o
 .bss.FatFsCnt  0x00000000200000c7        0x1 ./Core/Src/stm32f4xx_it.o
                0x00000000200000c7                FatFsCnt
 .bss.__sbrk_heap_end
                0x00000000200000c8        0x4 ./Core/Src/sysmem.o
 .bss.done_reset
                0x00000000200000cc        0x1 ./Core/Src/tft.o
 .bss.is8347    0x00000000200000cd        0x1 ./Core/Src/tft.o
 .bss.is555     0x00000000200000ce        0x1 ./Core/Src/tft.o
 .bss.is9797    0x00000000200000cf        0x1 ./Core/Src/tft.o
 .bss.cursor_y  0x00000000200000d0        0x1 ./Core/Src/tft.o
                0x00000000200000d0                cursor_y
 .bss.cursor_x  0x00000000200000d1        0x1 ./Core/Src/tft.o
                0x00000000200000d1                cursor_x
 .bss.rotation  0x00000000200000d2        0x1 ./Core/Src/tft.o
                0x00000000200000d2                rotation
 *fill*         0x00000000200000d3        0x1 
 .bss.FatFs     0x00000000200000d4        0x4 ./Middlewares/Third_Party/FatFs/src/ff.o
 .bss.Fsid      0x00000000200000d8        0x2 ./Middlewares/Third_Party/FatFs/src/ff.o
 *fill*         0x00000000200000da        0x2 
 .bss.Files     0x00000000200000dc       0x20 ./Middlewares/Third_Party/FatFs/src/ff.o
 .bss.LfnBuf    0x00000000200000fc      0x200 ./Middlewares/Third_Party/FatFs/src/ff.o
 .bss.disk      0x00000000200002fc        0xc ./Middlewares/Third_Party/FatFs/src/ff_gen_drv.o
                0x00000000200002fc                disk
 .bss.__malloc_free_list
                0x0000000020000308        0x4 c:/st/stm32cubeide_1.4.0/stm32cubeide/plugins/com.st.stm32cube.ide.mcu.externaltools.gnu-tools-for-stm32.9-2020-q2-update.win32_2.0.0.202105311346/tools/bin/../lib/gcc/arm-none-eabi/9.3.1/../../../../arm-none-eabi/lib/thumb/v7e-m+fp/hard\libc_nano.a(lib_a-nano-mallocr.o)
                0x0000000020000308                __malloc_free_list
 .bss.__malloc_sbrk_start
                0x000000002000030c        0x4 c:/st/stm32cubeide_1.4.0/stm32cubeide/plugins/com.st.stm32cube.ide.mcu.externaltools.gnu-tools-for-stm32.9-2020-q2-update.win32_2.0.0.202105311346/tools/bin/../lib/gcc/arm-none-eabi/9.3.1/../../../../arm-none-eabi/lib/thumb/v7e-m+fp/hard\libc_nano.a(lib_a-nano-mallocr.o)
                0x000000002000030c                __malloc_sbrk_start
 *(COMMON)
 COMMON         0x0000000020000310        0x4 ./Core/Src/fonts.o
                0x0000000020000310                gfxFont
 COMMON         0x0000000020000314     0x51c0 ./Core/Src/main.o
                0x0000000020000314                fdst
                0x0000000020001344                br
                0x0000000020001348                fsrc
                0x0000000020002378                buffer
                0x0000000020003378                fs0
                0x00000000200043b0                htim1
                0x00000000200043f8                bw
                0x00000000200043fc                fr
                0x0000000020004400                fs1
                0x0000000020005438                hspi1
                0x0000000020005490                huart2
 COMMON         0x00000000200054d4        0x2 ./Core/Src/stm32f4xx_it.o
                0x00000000200054d4                Timer2
                0x00000000200054d5                Timer1
 COMMON         0x00000000200054d6       0x1a ./Core/Src/tft.o
                0x00000000200054d6                _lcd_drivOut
                0x00000000200054d8                _MW
                0x00000000200054da                _lcd_capable
                0x00000000200054dc                _SP
                0x00000000200054de                _lcd_rev
                0x00000000200054e0                _MP
                0x00000000200054e2                _MC
                0x00000000200054e4                _SC
                0x00000000200054e6                _EP
                0x00000000200054e8                _lcd_ID
                0x00000000200054ea                _lcd_xor
                0x00000000200054ec                _EC
                0x00000000200054ee                _lcd_madctl
 COMMON         0x00000000200054f0        0x4 ./Drivers/STM32F4xx_HAL_Driver/Src/stm32f4xx_hal.o
                0x00000000200054f0                uwTick
 COMMON         0x00000000200054f4     0x2070 ./FATFS/App/fatfs.o
                0x00000000200054f4                USERPath
                0x00000000200054f8                retUSER
                0x00000000200054fc                USERFile
                0x000000002000652c                USERFatFS
 COMMON         0x0000000020007564        0x4 c:/st/stm32cubeide_1.4.0/stm32cubeide/plugins/com.st.stm32cube.ide.mcu.externaltools.gnu-tools-for-stm32.9-2020-q2-update.win32_2.0.0.202105311346/tools/bin/../lib/gcc/arm-none-eabi/9.3.1/../../../../arm-none-eabi/lib/thumb/v7e-m+fp/hard\libc_nano.a(lib_a-reent.o)
                0x0000000020007564                errno
 COMMON         0x0000000020007568        0x9 c:/st/stm32cubeide_1.4.0/stm32cubeide/plugins/com.st.stm32cube.ide.mcu.externaltools.gnu-tools-for-stm32.9-2020-q2-update.win32_2.0.0.202105311346/tools/bin/../lib/gcc/arm-none-eabi/9.3.1/../../../../arm-none-eabi/lib/thumb/v7e-m+fp/hard\libc_nano.a(lib_a-lock.o)
                0x0000000020007568                __lock___atexit_recursive_mutex
                0x0000000020007569                __lock___arc4random_mutex
                0x000000002000756a                __lock___env_recursive_mutex
                0x000000002000756b                __lock___sinit_recursive_mutex
                0x000000002000756c                __lock___malloc_recursive_mutex
                0x000000002000756d                __lock___at_quick_exit_mutex
                0x000000002000756e                __lock___dd_hash_mutex
                0x000000002000756f                __lock___tz_mutex
                0x0000000020007570                __lock___sfp_recursive_mutex
                0x0000000020007574                . = ALIGN (0x4)
 *fill*         0x0000000020007571        0x3 
                0x0000000020007574                _ebss = .
                0x0000000020007574                __bss_end__ = _ebss

._user_heap_stack
                0x0000000020007574      0x604 load address 0x000000000800d280
                0x0000000020007578                . = ALIGN (0x8)
 *fill*         0x0000000020007574        0x4 
                [!provide]                        PROVIDE (end = .)
                0x0000000020007578                PROVIDE (_end = .)
                0x0000000020007778                . = (. + _Min_Heap_Size)
 *fill*         0x0000000020007578      0x200 
                0x0000000020007b78                . = (. + _Min_Stack_Size)
 *fill*         0x0000000020007778      0x400 
                0x0000000020007b78                . = ALIGN (0x8)

/DISCARD/
 libc.a(*)
 libm.a(*)
 libgcc.a(*)

.ARM.attributes
                0x0000000000000000       0x30
 *(.ARM.attributes)
 .ARM.attributes
                0x0000000000000000       0x1e c:/st/stm32cubeide_1.4.0/stm32cubeide/plugins/com.st.stm32cube.ide.mcu.externaltools.gnu-tools-for-stm32.9-2020-q2-update.win32_2.0.0.202105311346/tools/bin/../lib/gcc/arm-none-eabi/9.3.1/thumb/v7e-m+fp/hard/crti.o
 .ARM.attributes
                0x000000000000001e       0x34 c:/st/stm32cubeide_1.4.0/stm32cubeide/plugins/com.st.stm32cube.ide.mcu.externaltools.gnu-tools-for-stm32.9-2020-q2-update.win32_2.0.0.202105311346/tools/bin/../lib/gcc/arm-none-eabi/9.3.1/thumb/v7e-m+fp/hard/crtbegin.o
 .ARM.attributes
                0x0000000000000052       0x34 ./Core/Src/fatfs_sd.o
 .ARM.attributes
                0x0000000000000086       0x39 ./Core/Src/fonts.o
 .ARM.attributes
                0x00000000000000bf       0x34 ./Core/Src/main.o
 .ARM.attributes
                0x00000000000000f3       0x34 ./Core/Src/stm32f4xx_hal_msp.o
 .ARM.attributes
                0x0000000000000127       0x34 ./Core/Src/stm32f4xx_it.o
 .ARM.attributes
                0x000000000000015b       0x34 ./Core/Src/sysmem.o
 .ARM.attributes
                0x000000000000018f       0x34 ./Core/Src/system_stm32f4xx.o
 .ARM.attributes
                0x00000000000001c3       0x34 ./Core/Src/tft.o
 .ARM.attributes
                0x00000000000001f7       0x21 ./Core/Startup/startup_stm32f446retx.o
 .ARM.attributes
                0x0000000000000218       0x34 ./Drivers/STM32F4xx_HAL_Driver/Src/stm32f4xx_hal.o
 .ARM.attributes
                0x000000000000024c       0x34 ./Drivers/STM32F4xx_HAL_Driver/Src/stm32f4xx_hal_cortex.o
 .ARM.attributes
                0x0000000000000280       0x34 ./Drivers/STM32F4xx_HAL_Driver/Src/stm32f4xx_hal_gpio.o
 .ARM.attributes
                0x00000000000002b4       0x34 ./Drivers/STM32F4xx_HAL_Driver/Src/stm32f4xx_hal_rcc.o
 .ARM.attributes
                0x00000000000002e8       0x34 ./Drivers/STM32F4xx_HAL_Driver/Src/stm32f4xx_hal_rcc_ex.o
 .ARM.attributes
                0x000000000000031c       0x34 ./Drivers/STM32F4xx_HAL_Driver/Src/stm32f4xx_hal_spi.o
 .ARM.attributes
                0x0000000000000350       0x34 ./Drivers/STM32F4xx_HAL_Driver/Src/stm32f4xx_hal_tim.o
 .ARM.attributes
                0x0000000000000384       0x34 ./Drivers/STM32F4xx_HAL_Driver/Src/stm32f4xx_hal_tim_ex.o
 .ARM.attributes
                0x00000000000003b8       0x34 ./Drivers/STM32F4xx_HAL_Driver/Src/stm32f4xx_hal_uart.o
 .ARM.attributes
                0x00000000000003ec       0x34 ./FATFS/App/fatfs.o
 .ARM.attributes
                0x0000000000000420       0x34 ./FATFS/Target/user_diskio.o
 .ARM.attributes
                0x0000000000000454       0x34 ./Middlewares/Third_Party/FatFs/src/diskio.o
 .ARM.attributes
                0x0000000000000488       0x34 ./Middlewares/Third_Party/FatFs/src/ff.o
 .ARM.attributes
                0x00000000000004bc       0x34 ./Middlewares/Third_Party/FatFs/src/ff_gen_drv.o
 .ARM.attributes
                0x00000000000004f0       0x34 ./Middlewares/Third_Party/FatFs/src/option/ccsbcs.o
 .ARM.attributes
                0x0000000000000524       0x34 c:/st/stm32cubeide_1.4.0/stm32cubeide/plugins/com.st.stm32cube.ide.mcu.externaltools.gnu-tools-for-stm32.9-2020-q2-update.win32_2.0.0.202105311346/tools/bin/../lib/gcc/arm-none-eabi/9.3.1/../../../../arm-none-eabi/lib/thumb/v7e-m+fp/hard\libc_nano.a(lib_a-errno.o)
 .ARM.attributes
                0x0000000000000558       0x32 c:/st/stm32cubeide_1.4.0/stm32cubeide/plugins/com.st.stm32cube.ide.mcu.externaltools.gnu-tools-for-stm32.9-2020-q2-update.win32_2.0.0.202105311346/tools/bin/../lib/gcc/arm-none-eabi/9.3.1/../../../../arm-none-eabi/lib/thumb/v7e-m+fp/hard\libc_nano.a(lib_a-impure.o)
 .ARM.attributes
                0x000000000000058a       0x34 c:/st/stm32cubeide_1.4.0/stm32cubeide/plugins/com.st.stm32cube.ide.mcu.externaltools.gnu-tools-for-stm32.9-2020-q2-update.win32_2.0.0.202105311346/tools/bin/../lib/gcc/arm-none-eabi/9.3.1/../../../../arm-none-eabi/lib/thumb/v7e-m+fp/hard\libc_nano.a(lib_a-init.o)
 .ARM.attributes
                0x00000000000005be       0x34 c:/st/stm32cubeide_1.4.0/stm32cubeide/plugins/com.st.stm32cube.ide.mcu.externaltools.gnu-tools-for-stm32.9-2020-q2-update.win32_2.0.0.202105311346/tools/bin/../lib/gcc/arm-none-eabi/9.3.1/../../../../arm-none-eabi/lib/thumb/v7e-m+fp/hard\libc_nano.a(lib_a-memset.o)
 .ARM.attributes
                0x00000000000005f2       0x34 c:/st/stm32cubeide_1.4.0/stm32cubeide/plugins/com.st.stm32cube.ide.mcu.externaltools.gnu-tools-for-stm32.9-2020-q2-update.win32_2.0.0.202105311346/tools/bin/../lib/gcc/arm-none-eabi/9.3.1/../../../../arm-none-eabi/lib/thumb/v7e-m+fp/hard\libc_nano.a(lib_a-sprintf.o)
 .ARM.attributes
                0x0000000000000626       0x34 c:/st/stm32cubeide_1.4.0/stm32cubeide/plugins/com.st.stm32cube.ide.mcu.externaltools.gnu-tools-for-stm32.9-2020-q2-update.win32_2.0.0.202105311346/tools/bin/../lib/gcc/arm-none-eabi/9.3.1/../../../../arm-none-eabi/lib/thumb/v7e-m+fp/hard\libc_nano.a(lib_a-nano-svfprintf.o)
 .ARM.attributes
                0x000000000000065a       0x34 c:/st/stm32cubeide_1.4.0/stm32cubeide/plugins/com.st.stm32cube.ide.mcu.externaltools.gnu-tools-for-stm32.9-2020-q2-update.win32_2.0.0.202105311346/tools/bin/../lib/gcc/arm-none-eabi/9.3.1/../../../../arm-none-eabi/lib/thumb/v7e-m+fp/hard\libc_nano.a(lib_a-nano-vfprintf_i.o)
 .ARM.attributes
                0x000000000000068e       0x1c c:/st/stm32cubeide_1.4.0/stm32cubeide/plugins/com.st.stm32cube.ide.mcu.externaltools.gnu-tools-for-stm32.9-2020-q2-update.win32_2.0.0.202105311346/tools/bin/../lib/gcc/arm-none-eabi/9.3.1/../../../../arm-none-eabi/lib/thumb/v7e-m+fp/hard\libc_nano.a(lib_a-memchr.o)
 .ARM.attributes
                0x00000000000006aa       0x34 c:/st/stm32cubeide_1.4.0/stm32cubeide/plugins/com.st.stm32cube.ide.mcu.externaltools.gnu-tools-for-stm32.9-2020-q2-update.win32_2.0.0.202105311346/tools/bin/../lib/gcc/arm-none-eabi/9.3.1/../../../../arm-none-eabi/lib/thumb/v7e-m+fp/hard\libc_nano.a(lib_a-memcpy-stub.o)
 .ARM.attributes
                0x00000000000006de       0x34 c:/st/stm32cubeide_1.4.0/stm32cubeide/plugins/com.st.stm32cube.ide.mcu.externaltools.gnu-tools-for-stm32.9-2020-q2-update.win32_2.0.0.202105311346/tools/bin/../lib/gcc/arm-none-eabi/9.3.1/../../../../arm-none-eabi/lib/thumb/v7e-m+fp/hard\libc_nano.a(lib_a-memmove.o)
 .ARM.attributes
                0x0000000000000712       0x34 c:/st/stm32cubeide_1.4.0/stm32cubeide/plugins/com.st.stm32cube.ide.mcu.externaltools.gnu-tools-for-stm32.9-2020-q2-update.win32_2.0.0.202105311346/tools/bin/../lib/gcc/arm-none-eabi/9.3.1/../../../../arm-none-eabi/lib/thumb/v7e-m+fp/hard\libc_nano.a(lib_a-nano-freer.o)
 .ARM.attributes
                0x0000000000000746       0x34 c:/st/stm32cubeide_1.4.0/stm32cubeide/plugins/com.st.stm32cube.ide.mcu.externaltools.gnu-tools-for-stm32.9-2020-q2-update.win32_2.0.0.202105311346/tools/bin/../lib/gcc/arm-none-eabi/9.3.1/../../../../arm-none-eabi/lib/thumb/v7e-m+fp/hard\libc_nano.a(lib_a-nano-mallocr.o)
 .ARM.attributes
                0x000000000000077a       0x34 c:/st/stm32cubeide_1.4.0/stm32cubeide/plugins/com.st.stm32cube.ide.mcu.externaltools.gnu-tools-for-stm32.9-2020-q2-update.win32_2.0.0.202105311346/tools/bin/../lib/gcc/arm-none-eabi/9.3.1/../../../../arm-none-eabi/lib/thumb/v7e-m+fp/hard\libc_nano.a(lib_a-nano-reallocr.o)
 .ARM.attributes
                0x00000000000007ae       0x34 c:/st/stm32cubeide_1.4.0/stm32cubeide/plugins/com.st.stm32cube.ide.mcu.externaltools.gnu-tools-for-stm32.9-2020-q2-update.win32_2.0.0.202105311346/tools/bin/../lib/gcc/arm-none-eabi/9.3.1/../../../../arm-none-eabi/lib/thumb/v7e-m+fp/hard\libc_nano.a(lib_a-sbrkr.o)
 .ARM.attributes
                0x00000000000007e2       0x34 c:/st/stm32cubeide_1.4.0/stm32cubeide/plugins/com.st.stm32cube.ide.mcu.externaltools.gnu-tools-for-stm32.9-2020-q2-update.win32_2.0.0.202105311346/tools/bin/../lib/gcc/arm-none-eabi/9.3.1/../../../../arm-none-eabi/lib/thumb/v7e-m+fp/hard\libc_nano.a(lib_a-mlock.o)
 .ARM.attributes
                0x0000000000000816       0x34 c:/st/stm32cubeide_1.4.0/stm32cubeide/plugins/com.st.stm32cube.ide.mcu.externaltools.gnu-tools-for-stm32.9-2020-q2-update.win32_2.0.0.202105311346/tools/bin/../lib/gcc/arm-none-eabi/9.3.1/../../../../arm-none-eabi/lib/thumb/v7e-m+fp/hard\libc_nano.a(lib_a-nano-msizer.o)
 .ARM.attributes
                0x000000000000084a       0x34 c:/st/stm32cubeide_1.4.0/stm32cubeide/plugins/com.st.stm32cube.ide.mcu.externaltools.gnu-tools-for-stm32.9-2020-q2-update.win32_2.0.0.202105311346/tools/bin/../lib/gcc/arm-none-eabi/9.3.1/../../../../arm-none-eabi/lib/thumb/v7e-m+fp/hard\libc_nano.a(lib_a-reent.o)
 .ARM.attributes
                0x000000000000087e       0x34 c:/st/stm32cubeide_1.4.0/stm32cubeide/plugins/com.st.stm32cube.ide.mcu.externaltools.gnu-tools-for-stm32.9-2020-q2-update.win32_2.0.0.202105311346/tools/bin/../lib/gcc/arm-none-eabi/9.3.1/../../../../arm-none-eabi/lib/thumb/v7e-m+fp/hard\libc_nano.a(lib_a-lock.o)
 .ARM.attributes
                0x00000000000008b2       0x1e c:/st/stm32cubeide_1.4.0/stm32cubeide/plugins/com.st.stm32cube.ide.mcu.externaltools.gnu-tools-for-stm32.9-2020-q2-update.win32_2.0.0.202105311346/tools/bin/../lib/gcc/arm-none-eabi/9.3.1/thumb/v7e-m+fp/hard\libgcc.a(_aeabi_uldivmod.o)
 .ARM.attributes
                0x00000000000008d0       0x34 c:/st/stm32cubeide_1.4.0/stm32cubeide/plugins/com.st.stm32cube.ide.mcu.externaltools.gnu-tools-for-stm32.9-2020-q2-update.win32_2.0.0.202105311346/tools/bin/../lib/gcc/arm-none-eabi/9.3.1/thumb/v7e-m+fp/hard\libgcc.a(_udivmoddi4.o)
 .ARM.attributes
                0x0000000000000904       0x1e c:/st/stm32cubeide_1.4.0/stm32cubeide/plugins/com.st.stm32cube.ide.mcu.externaltools.gnu-tools-for-stm32.9-2020-q2-update.win32_2.0.0.202105311346/tools/bin/../lib/gcc/arm-none-eabi/9.3.1/thumb/v7e-m+fp/hard\libgcc.a(_dvmd_tls.o)
 .ARM.attributes
                0x0000000000000922       0x1e c:/st/stm32cubeide_1.4.0/stm32cubeide/plugins/com.st.stm32cube.ide.mcu.externaltools.gnu-tools-for-stm32.9-2020-q2-update.win32_2.0.0.202105311346/tools/bin/../lib/gcc/arm-none-eabi/9.3.1/thumb/v7e-m+fp/hard/crtn.o
OUTPUT(RETRATO_LCD_SD.elf elf32-littlearm)
LOAD linker stubs
LOAD c:/st/stm32cubeide_1.4.0/stm32cubeide/plugins/com.st.stm32cube.ide.mcu.externaltools.gnu-tools-for-stm32.9-2020-q2-update.win32_2.0.0.202105311346/tools/bin/../lib/gcc/arm-none-eabi/9.3.1/../../../../arm-none-eabi/lib/thumb/v7e-m+fp/hard\libc.a
LOAD c:/st/stm32cubeide_1.4.0/stm32cubeide/plugins/com.st.stm32cube.ide.mcu.externaltools.gnu-tools-for-stm32.9-2020-q2-update.win32_2.0.0.202105311346/tools/bin/../lib/gcc/arm-none-eabi/9.3.1/../../../../arm-none-eabi/lib/thumb/v7e-m+fp/hard\libm.a
LOAD c:/st/stm32cubeide_1.4.0/stm32cubeide/plugins/com.st.stm32cube.ide.mcu.externaltools.gnu-tools-for-stm32.9-2020-q2-update.win32_2.0.0.202105311346/tools/bin/../lib/gcc/arm-none-eabi/9.3.1/thumb/v7e-m+fp/hard\libgcc.a

.debug_info     0x0000000000000000    0x1cf15
 .debug_info    0x0000000000000000      0xccc ./Core/Src/fatfs_sd.o
 .debug_info    0x0000000000000ccc      0x3c1 ./Core/Src/fonts.o
 .debug_info    0x000000000000108d     0x2414 ./Core/Src/main.o
 .debug_info    0x00000000000034a1     0x10fb ./Core/Src/stm32f4xx_hal_msp.o
 .debug_info    0x000000000000459c      0x26f ./Core/Src/stm32f4xx_it.o
 .debug_info    0x000000000000480b      0xa25 ./Core/Src/sysmem.o
 .debug_info    0x0000000000005230      0x5dc ./Core/Src/system_stm32f4xx.o
 .debug_info    0x000000000000580c     0x425e ./Core/Src/tft.o
 .debug_info    0x0000000000009a6a       0x22 ./Core/Startup/startup_stm32f446retx.o
 .debug_info    0x0000000000009a8c      0xa08 ./Drivers/STM32F4xx_HAL_Driver/Src/stm32f4xx_hal.o
 .debug_info    0x000000000000a494      0xef5 ./Drivers/STM32F4xx_HAL_Driver/Src/stm32f4xx_hal_cortex.o
 .debug_info    0x000000000000b389      0x892 ./Drivers/STM32F4xx_HAL_Driver/Src/stm32f4xx_hal_gpio.o
 .debug_info    0x000000000000bc1b      0x9db ./Drivers/STM32F4xx_HAL_Driver/Src/stm32f4xx_hal_rcc.o
 .debug_info    0x000000000000c5f6      0xa86 ./Drivers/STM32F4xx_HAL_Driver/Src/stm32f4xx_hal_rcc_ex.o
 .debug_info    0x000000000000d07c     0x17c0 ./Drivers/STM32F4xx_HAL_Driver/Src/stm32f4xx_hal_spi.o
 .debug_info    0x000000000000e83c     0x2c22 ./Drivers/STM32F4xx_HAL_Driver/Src/stm32f4xx_hal_tim.o
 .debug_info    0x000000000001145e     0x15a2 ./Drivers/STM32F4xx_HAL_Driver/Src/stm32f4xx_hal_tim_ex.o
 .debug_info    0x0000000000012a00     0x31de ./Drivers/STM32F4xx_HAL_Driver/Src/stm32f4xx_hal_uart.o
 .debug_info    0x0000000000015bde      0xe90 ./FATFS/App/fatfs.o
 .debug_info    0x0000000000016a6e      0xd3f ./FATFS/Target/user_diskio.o
 .debug_info    0x00000000000177ad      0xda8 ./Middlewares/Third_Party/FatFs/src/diskio.o
 .debug_info    0x0000000000018555     0x3111 ./Middlewares/Third_Party/FatFs/src/ff.o
 .debug_info    0x000000000001b666      0xd39 ./Middlewares/Third_Party/FatFs/src/ff_gen_drv.o
 .debug_info    0x000000000001c39f      0xb76 ./Middlewares/Third_Party/FatFs/src/option/ccsbcs.o

.debug_abbrev   0x0000000000000000     0x3451
 .debug_abbrev  0x0000000000000000      0x298 ./Core/Src/fatfs_sd.o
 .debug_abbrev  0x0000000000000298       0xda ./Core/Src/fonts.o
 .debug_abbrev  0x0000000000000372      0x337 ./Core/Src/main.o
 .debug_abbrev  0x00000000000006a9      0x1db ./Core/Src/stm32f4xx_hal_msp.o
 .debug_abbrev  0x0000000000000884       0xe5 ./Core/Src/stm32f4xx_it.o
 .debug_abbrev  0x0000000000000969      0x1bf ./Core/Src/sysmem.o
 .debug_abbrev  0x0000000000000b28      0x145 ./Core/Src/system_stm32f4xx.o
 .debug_abbrev  0x0000000000000c6d      0x45a ./Core/Src/tft.o
 .debug_abbrev  0x00000000000010c7       0x12 ./Core/Startup/startup_stm32f446retx.o
 .debug_abbrev  0x00000000000010d9      0x1ed ./Drivers/STM32F4xx_HAL_Driver/Src/stm32f4xx_hal.o
 .debug_abbrev  0x00000000000012c6      0x33c ./Drivers/STM32F4xx_HAL_Driver/Src/stm32f4xx_hal_cortex.o
 .debug_abbrev  0x0000000000001602      0x1f1 ./Drivers/STM32F4xx_HAL_Driver/Src/stm32f4xx_hal_gpio.o
 .debug_abbrev  0x00000000000017f3      0x275 ./Drivers/STM32F4xx_HAL_Driver/Src/stm32f4xx_hal_rcc.o
 .debug_abbrev  0x0000000000001a68      0x1e2 ./Drivers/STM32F4xx_HAL_Driver/Src/stm32f4xx_hal_rcc_ex.o
 .debug_abbrev  0x0000000000001c4a      0x26e ./Drivers/STM32F4xx_HAL_Driver/Src/stm32f4xx_hal_spi.o
 .debug_abbrev  0x0000000000001eb8      0x25e ./Drivers/STM32F4xx_HAL_Driver/Src/stm32f4xx_hal_tim.o
 .debug_abbrev  0x0000000000002116      0x266 ./Drivers/STM32F4xx_HAL_Driver/Src/stm32f4xx_hal_tim_ex.o
 .debug_abbrev  0x000000000000237c      0x2eb ./Drivers/STM32F4xx_HAL_Driver/Src/stm32f4xx_hal_uart.o
 .debug_abbrev  0x0000000000002667      0x209 ./FATFS/App/fatfs.o
 .debug_abbrev  0x0000000000002870      0x246 ./FATFS/Target/user_diskio.o
 .debug_abbrev  0x0000000000002ab6      0x237 ./Middlewares/Third_Party/FatFs/src/diskio.o
 .debug_abbrev  0x0000000000002ced      0x2e1 ./Middlewares/Third_Party/FatFs/src/ff.o
 .debug_abbrev  0x0000000000002fce      0x268 ./Middlewares/Third_Party/FatFs/src/ff_gen_drv.o
 .debug_abbrev  0x0000000000003236      0x21b ./Middlewares/Third_Party/FatFs/src/option/ccsbcs.o

.debug_aranges  0x0000000000000000     0x14d8
 .debug_aranges
                0x0000000000000000       0xa0 ./Core/Src/fatfs_sd.o
 .debug_aranges
                0x00000000000000a0       0x18 ./Core/Src/fonts.o
 .debug_aranges
                0x00000000000000b8       0x58 ./Core/Src/main.o
 .debug_aranges
                0x0000000000000110       0x50 ./Core/Src/stm32f4xx_hal_msp.o
 .debug_aranges
                0x0000000000000160       0x68 ./Core/Src/stm32f4xx_it.o
 .debug_aranges
                0x00000000000001c8       0x20 ./Core/Src/sysmem.o
 .debug_aranges
                0x00000000000001e8       0x28 ./Core/Src/system_stm32f4xx.o
 .debug_aranges
                0x0000000000000210      0x2f0 ./Core/Src/tft.o
 .debug_aranges
                0x0000000000000500       0x28 ./Core/Startup/startup_stm32f446retx.o
 .debug_aranges
                0x0000000000000528       0xf0 ./Drivers/STM32F4xx_HAL_Driver/Src/stm32f4xx_hal.o
 .debug_aranges
                0x0000000000000618      0x118 ./Drivers/STM32F4xx_HAL_Driver/Src/stm32f4xx_hal_cortex.o
 .debug_aranges
                0x0000000000000730       0x58 ./Drivers/STM32F4xx_HAL_Driver/Src/stm32f4xx_hal_gpio.o
 .debug_aranges
                0x0000000000000788       0x88 ./Drivers/STM32F4xx_HAL_Driver/Src/stm32f4xx_hal_rcc.o
 .debug_aranges
                0x0000000000000810       0x78 ./Drivers/STM32F4xx_HAL_Driver/Src/stm32f4xx_hal_rcc_ex.o
 .debug_aranges
                0x0000000000000888      0x1d0 ./Drivers/STM32F4xx_HAL_Driver/Src/stm32f4xx_hal_spi.o
 .debug_aranges
                0x0000000000000a58      0x3d0 ./Drivers/STM32F4xx_HAL_Driver/Src/stm32f4xx_hal_tim.o
 .debug_aranges
                0x0000000000000e28      0x168 ./Drivers/STM32F4xx_HAL_Driver/Src/stm32f4xx_hal_tim_ex.o
 .debug_aranges
                0x0000000000000f90      0x200 ./Drivers/STM32F4xx_HAL_Driver/Src/stm32f4xx_hal_uart.o
 .debug_aranges
                0x0000000000001190       0x28 ./FATFS/App/fatfs.o
 .debug_aranges
                0x00000000000011b8       0x40 ./FATFS/Target/user_diskio.o
 .debug_aranges
                0x00000000000011f8       0x48 ./Middlewares/Third_Party/FatFs/src/diskio.o
 .debug_aranges
                0x0000000000001240      0x230 ./Middlewares/Third_Party/FatFs/src/ff.o
 .debug_aranges
                0x0000000000001470       0x40 ./Middlewares/Third_Party/FatFs/src/ff_gen_drv.o
 .debug_aranges
                0x00000000000014b0       0x28 ./Middlewares/Third_Party/FatFs/src/option/ccsbcs.o

.debug_ranges   0x0000000000000000     0x1388
 .debug_ranges  0x0000000000000000       0x90 ./Core/Src/fatfs_sd.o
 .debug_ranges  0x0000000000000090       0x48 ./Core/Src/main.o
 .debug_ranges  0x00000000000000d8       0x40 ./Core/Src/stm32f4xx_hal_msp.o
 .debug_ranges  0x0000000000000118       0x58 ./Core/Src/stm32f4xx_it.o
 .debug_ranges  0x0000000000000170       0x10 ./Core/Src/sysmem.o
 .debug_ranges  0x0000000000000180       0x18 ./Core/Src/system_stm32f4xx.o
 .debug_ranges  0x0000000000000198      0x2e0 ./Core/Src/tft.o
 .debug_ranges  0x0000000000000478       0x20 ./Core/Startup/startup_stm32f446retx.o
 .debug_ranges  0x0000000000000498       0xe0 ./Drivers/STM32F4xx_HAL_Driver/Src/stm32f4xx_hal.o
 .debug_ranges  0x0000000000000578      0x108 ./Drivers/STM32F4xx_HAL_Driver/Src/stm32f4xx_hal_cortex.o
 .debug_ranges  0x0000000000000680       0x48 ./Drivers/STM32F4xx_HAL_Driver/Src/stm32f4xx_hal_gpio.o
 .debug_ranges  0x00000000000006c8       0x78 ./Drivers/STM32F4xx_HAL_Driver/Src/stm32f4xx_hal_rcc.o
 .debug_ranges  0x0000000000000740       0x68 ./Drivers/STM32F4xx_HAL_Driver/Src/stm32f4xx_hal_rcc_ex.o
 .debug_ranges  0x00000000000007a8      0x1c0 ./Drivers/STM32F4xx_HAL_Driver/Src/stm32f4xx_hal_spi.o
 .debug_ranges  0x0000000000000968      0x3c0 ./Drivers/STM32F4xx_HAL_Driver/Src/stm32f4xx_hal_tim.o
 .debug_ranges  0x0000000000000d28      0x158 ./Drivers/STM32F4xx_HAL_Driver/Src/stm32f4xx_hal_tim_ex.o
 .debug_ranges  0x0000000000000e80      0x220 ./Drivers/STM32F4xx_HAL_Driver/Src/stm32f4xx_hal_uart.o
 .debug_ranges  0x00000000000010a0       0x18 ./FATFS/App/fatfs.o
 .debug_ranges  0x00000000000010b8       0x30 ./FATFS/Target/user_diskio.o
 .debug_ranges  0x00000000000010e8       0x38 ./Middlewares/Third_Party/FatFs/src/diskio.o
 .debug_ranges  0x0000000000001120      0x220 ./Middlewares/Third_Party/FatFs/src/ff.o
 .debug_ranges  0x0000000000001340       0x30 ./Middlewares/Third_Party/FatFs/src/ff_gen_drv.o
 .debug_ranges  0x0000000000001370       0x18 ./Middlewares/Third_Party/FatFs/src/option/ccsbcs.o

.debug_macro    0x0000000000000000    0x2482f
 .debug_macro   0x0000000000000000      0x217 ./Core/Src/fatfs_sd.o
 .debug_macro   0x0000000000000217      0xaa8 ./Core/Src/fatfs_sd.o
 .debug_macro   0x0000000000000cbf      0x2a1 ./Core/Src/fatfs_sd.o
 .debug_macro   0x0000000000000f60       0x2e ./Core/Src/fatfs_sd.o
 .debug_macro   0x0000000000000f8e       0x28 ./Core/Src/fatfs_sd.o
 .debug_macro   0x0000000000000fb6       0x22 ./Core/Src/fatfs_sd.o
 .debug_macro   0x0000000000000fd8       0x8e ./Core/Src/fatfs_sd.o
 .debug_macro   0x0000000000001066       0x51 ./Core/Src/fatfs_sd.o
 .debug_macro   0x00000000000010b7      0x103 ./Core/Src/fatfs_sd.o
 .debug_macro   0x00000000000011ba       0x6a ./Core/Src/fatfs_sd.o
 .debug_macro   0x0000000000001224      0x1df ./Core/Src/fatfs_sd.o
 .debug_macro   0x0000000000001403       0x1c ./Core/Src/fatfs_sd.o
 .debug_macro   0x000000000000141f       0x22 ./Core/Src/fatfs_sd.o
 .debug_macro   0x0000000000001441       0xdf ./Core/Src/fatfs_sd.o
 .debug_macro   0x0000000000001520     0x102d ./Core/Src/fatfs_sd.o
 .debug_macro   0x000000000000254d      0x11f ./Core/Src/fatfs_sd.o
 .debug_macro   0x000000000000266c    0x16749 ./Core/Src/fatfs_sd.o
 .debug_macro   0x0000000000018db5       0x6d ./Core/Src/fatfs_sd.o
 .debug_macro   0x0000000000018e22     0x3666 ./Core/Src/fatfs_sd.o
 .debug_macro   0x000000000001c488      0x174 ./Core/Src/fatfs_sd.o
 .debug_macro   0x000000000001c5fc       0x5c ./Core/Src/fatfs_sd.o
 .debug_macro   0x000000000001c658      0xc90 ./Core/Src/fatfs_sd.o
 .debug_macro   0x000000000001d2e8      0x9fe ./Core/Src/fatfs_sd.o
 .debug_macro   0x000000000001dce6      0x116 ./Core/Src/fatfs_sd.o
 .debug_macro   0x000000000001ddfc      0x1a0 ./Core/Src/fatfs_sd.o
 .debug_macro   0x000000000001df9c       0xa5 ./Core/Src/fatfs_sd.o
 .debug_macro   0x000000000001e041      0x16d ./Core/Src/fatfs_sd.o
 .debug_macro   0x000000000001e1ae      0x287 ./Core/Src/fatfs_sd.o
 .debug_macro   0x000000000001e435       0x5f ./Core/Src/fatfs_sd.o
 .debug_macro   0x000000000001e494      0x236 ./Core/Src/fatfs_sd.o
 .debug_macro   0x000000000001e6ca      0x132 ./Core/Src/fatfs_sd.o
 .debug_macro   0x000000000001e7fc      0x29c ./Core/Src/fatfs_sd.o
 .debug_macro   0x000000000001ea98       0x2e ./Core/Src/fatfs_sd.o
 .debug_macro   0x000000000001eac6      0x11a ./Core/Src/fatfs_sd.o
 .debug_macro   0x000000000001ebe0       0xe8 ./Core/Src/fatfs_sd.o
 .debug_macro   0x000000000001ecc8       0x89 ./Core/Src/fatfs_sd.o
 .debug_macro   0x000000000001ed51      0x225 ./Core/Src/fatfs_sd.o
 .debug_macro   0x000000000001ef76      0x8d1 ./Core/Src/fatfs_sd.o
 .debug_macro   0x000000000001f847       0x4d ./Core/Src/fatfs_sd.o
 .debug_macro   0x000000000001f894      0x295 ./Core/Src/fatfs_sd.o
 .debug_macro   0x000000000001fb29      0x126 ./Core/Src/fatfs_sd.o
 .debug_macro   0x000000000001fc4f       0x16 ./Core/Src/fatfs_sd.o
 .debug_macro   0x000000000001fc65       0x7c ./Core/Src/fatfs_sd.o
 .debug_macro   0x000000000001fce1       0x70 ./Core/Src/fatfs_sd.o
 .debug_macro   0x000000000001fd51       0x6d ./Core/Src/fonts.o
 .debug_macro   0x000000000001fdbe      0x42f ./Core/Src/main.o
 .debug_macro   0x00000000000201ed       0x58 ./Core/Src/main.o
 .debug_macro   0x0000000000020245       0xeb ./Core/Src/main.o
 .debug_macro   0x0000000000020330       0x18 ./Core/Src/main.o
 .debug_macro   0x0000000000020348       0x52 ./Core/Src/main.o
 .debug_macro   0x000000000002039a       0x3c ./Core/Src/main.o
 .debug_macro   0x00000000000203d6       0x34 ./Core/Src/main.o
 .debug_macro   0x000000000002040a       0x16 ./Core/Src/main.o
 .debug_macro   0x0000000000020420       0x35 ./Core/Src/main.o
 .debug_macro   0x0000000000020455       0x16 ./Core/Src/main.o
 .debug_macro   0x000000000002046b       0x43 ./Core/Src/main.o
 .debug_macro   0x00000000000204ae       0x34 ./Core/Src/main.o
 .debug_macro   0x00000000000204e2       0x10 ./Core/Src/main.o
 .debug_macro   0x00000000000204f2       0x58 ./Core/Src/main.o
 .debug_macro   0x000000000002054a       0x71 ./Core/Src/main.o
 .debug_macro   0x00000000000205bb       0x1c ./Core/Src/main.o
 .debug_macro   0x00000000000205d7      0x12a ./Core/Src/main.o
 .debug_macro   0x0000000000020701      0x333 ./Core/Src/main.o
 .debug_macro   0x0000000000020a34       0x16 ./Core/Src/main.o
 .debug_macro   0x0000000000020a4a       0x29 ./Core/Src/main.o
 .debug_macro   0x0000000000020a73       0x12 ./Core/Src/main.o
 .debug_macro   0x0000000000020a85       0xe2 ./Core/Src/main.o
 .debug_macro   0x0000000000020b67       0x8e ./Core/Src/main.o
 .debug_macro   0x0000000000020bf5       0x16 ./Core/Src/main.o